Archive member included to satisfy reference by file (symbol)

c:/program files (x86)/atollic/truestudio for stm32 9.0.0/armtools/bin/../lib/gcc/arm-atollic-eabi/6.3.1/../../../../arm-atollic-eabi/lib/armv6-m\libc_nano.a(lib_a-init.o)
                              startup\startup_stm32f030x8.o (__libc_init_array)
c:/program files (x86)/atollic/truestudio for stm32 9.0.0/armtools/bin/../lib/gcc/arm-atollic-eabi/6.3.1/../../../../arm-atollic-eabi/lib/armv6-m\libc_nano.a(lib_a-memcpy-stub.o)
                              Drivers\STM32F0xx_HAL_Driver\Src\stm32f0xx_hal_rcc.o (memcpy)
c:/program files (x86)/atollic/truestudio for stm32 9.0.0/armtools/bin/../lib/gcc/arm-atollic-eabi/6.3.1/armv6-m\libgcc.a(_thumb1_case_sqi.o)
                              Drivers\STM32F0xx_HAL_Driver\Src\stm32f0xx_hal_uart.o (__gnu_thumb1_case_sqi)
c:/program files (x86)/atollic/truestudio for stm32 9.0.0/armtools/bin/../lib/gcc/arm-atollic-eabi/6.3.1/armv6-m\libgcc.a(_thumb1_case_uqi.o)
                              Drivers\STM32F0xx_HAL_Driver\Src\stm32f0xx_hal_dma.o (__gnu_thumb1_case_uqi)
c:/program files (x86)/atollic/truestudio for stm32 9.0.0/armtools/bin/../lib/gcc/arm-atollic-eabi/6.3.1/armv6-m\libgcc.a(_udivsi3.o)
                              Drivers\STM32F0xx_HAL_Driver\Src\stm32f0xx_hal.o (__aeabi_uidiv)
c:/program files (x86)/atollic/truestudio for stm32 9.0.0/armtools/bin/../lib/gcc/arm-atollic-eabi/6.3.1/armv6-m\libgcc.a(_dvmd_tls.o)
                              c:/program files (x86)/atollic/truestudio for stm32 9.0.0/armtools/bin/../lib/gcc/arm-atollic-eabi/6.3.1/armv6-m\libgcc.a(_udivsi3.o) (__aeabi_idiv0)
c:/program files (x86)/atollic/truestudio for stm32 9.0.0/armtools/bin/../lib/gcc/arm-atollic-eabi/6.3.1/armv6-m\libgcc.a(_lshrdi3.o)
                              Drivers\STM32F0xx_HAL_Driver\Src\stm32f0xx_hal_flash.o (__aeabi_llsr)
c:/program files (x86)/atollic/truestudio for stm32 9.0.0/armtools/bin/../lib/gcc/arm-atollic-eabi/6.3.1/armv6-m\libgcc.a(_arm_cmpdf2.o)
                              01_BSP\Src\bsp_pwm.o (__aeabi_dcmplt)
c:/program files (x86)/atollic/truestudio for stm32 9.0.0/armtools/bin/../lib/gcc/arm-atollic-eabi/6.3.1/armv6-m\libgcc.a(addsf3.o)
                              01_BSP\Src\bsp_pwm.o (__aeabi_fadd)
c:/program files (x86)/atollic/truestudio for stm32 9.0.0/armtools/bin/../lib/gcc/arm-atollic-eabi/6.3.1/armv6-m\libgcc.a(mulsf3.o)
                              01_BSP\Src\bsp_pwm.o (__aeabi_fmul)
c:/program files (x86)/atollic/truestudio for stm32 9.0.0/armtools/bin/../lib/gcc/arm-atollic-eabi/6.3.1/armv6-m\libgcc.a(subsf3.o)
                              01_BSP\Src\bsp_pwm.o (__aeabi_fsub)
c:/program files (x86)/atollic/truestudio for stm32 9.0.0/armtools/bin/../lib/gcc/arm-atollic-eabi/6.3.1/armv6-m\libgcc.a(fixsfsi.o)
                              01_BSP\Src\bsp_pwm.o (__aeabi_f2iz)
c:/program files (x86)/atollic/truestudio for stm32 9.0.0/armtools/bin/../lib/gcc/arm-atollic-eabi/6.3.1/armv6-m\libgcc.a(floatsisf.o)
                              01_BSP\Src\bsp_measurements.o (__aeabi_i2f)
c:/program files (x86)/atollic/truestudio for stm32 9.0.0/armtools/bin/../lib/gcc/arm-atollic-eabi/6.3.1/armv6-m\libgcc.a(adddf3.o)
                              01_BSP\Src\bsp_measurements.o (__aeabi_dadd)
c:/program files (x86)/atollic/truestudio for stm32 9.0.0/armtools/bin/../lib/gcc/arm-atollic-eabi/6.3.1/armv6-m\libgcc.a(eqdf2.o)
                              c:/program files (x86)/atollic/truestudio for stm32 9.0.0/armtools/bin/../lib/gcc/arm-atollic-eabi/6.3.1/armv6-m\libgcc.a(_arm_cmpdf2.o) (__eqdf2)
c:/program files (x86)/atollic/truestudio for stm32 9.0.0/armtools/bin/../lib/gcc/arm-atollic-eabi/6.3.1/armv6-m\libgcc.a(gedf2.o)
                              c:/program files (x86)/atollic/truestudio for stm32 9.0.0/armtools/bin/../lib/gcc/arm-atollic-eabi/6.3.1/armv6-m\libgcc.a(_arm_cmpdf2.o) (__gedf2)
c:/program files (x86)/atollic/truestudio for stm32 9.0.0/armtools/bin/../lib/gcc/arm-atollic-eabi/6.3.1/armv6-m\libgcc.a(ledf2.o)
                              c:/program files (x86)/atollic/truestudio for stm32 9.0.0/armtools/bin/../lib/gcc/arm-atollic-eabi/6.3.1/armv6-m\libgcc.a(_arm_cmpdf2.o) (__ledf2)
c:/program files (x86)/atollic/truestudio for stm32 9.0.0/armtools/bin/../lib/gcc/arm-atollic-eabi/6.3.1/armv6-m\libgcc.a(muldf3.o)
                              01_BSP\Src\bsp_measurements.o (__aeabi_dmul)
c:/program files (x86)/atollic/truestudio for stm32 9.0.0/armtools/bin/../lib/gcc/arm-atollic-eabi/6.3.1/armv6-m\libgcc.a(floatsidf.o)
                              01_BSP\Src\bsp_measurements.o (__aeabi_i2d)
c:/program files (x86)/atollic/truestudio for stm32 9.0.0/armtools/bin/../lib/gcc/arm-atollic-eabi/6.3.1/armv6-m\libgcc.a(extendsfdf2.o)
                              01_BSP\Src\bsp_pwm.o (__aeabi_f2d)
c:/program files (x86)/atollic/truestudio for stm32 9.0.0/armtools/bin/../lib/gcc/arm-atollic-eabi/6.3.1/armv6-m\libgcc.a(truncdfsf2.o)
[...]
Memory Configuration

Name             Origin             Length             Attributes
RAM              0x20000000         0x00002000         xrw
FLASH            0x08000000         0x00010000         xr
*default*        0x00000000         0xffffffff

Linker script and memory map

LOAD c:/program files (x86)/atollic/truestudio for stm32 9.0.0/armtools/bin/../lib/gcc/arm-atollic-eabi/6.3.1/armv6-m/crti.o
LOAD c:/program files (x86)/atollic/truestudio for stm32 9.0.0/armtools/bin/../lib/gcc/arm-atollic-eabi/6.3.1/armv6-m/crtbegin.o
LOAD 00_App\Src\app_commands.o
LOAD 00_App\Src\app_current_controller.o
LOAD 00_App\Src\app_init.o
LOAD 00_App\Src\app_measurements_evaluation.o
LOAD 01_BSP\Src\bsp_communication.o
LOAD 01_BSP\Src\bsp_leds.o
LOAD 01_BSP\Src\bsp_measurements.o
LOAD 01_BSP\Src\bsp_pwm.o
LOAD Drivers\STM32F0xx_HAL_Driver\Src\stm32f0xx_hal.o
LOAD Drivers\STM32F0xx_HAL_Driver\Src\stm32f0xx_hal_adc.o
LOAD Drivers\STM32F0xx_HAL_Driver\Src\stm32f0xx_hal_adc_ex.o
LOAD Drivers\STM32F0xx_HAL_Driver\Src\stm32f0xx_hal_cortex.o
LOAD Drivers\STM32F0xx_HAL_Driver\Src\stm32f0xx_hal_dma.o
LOAD Drivers\STM32F0xx_HAL_Driver\Src\stm32f0xx_hal_flash.o
LOAD Drivers\STM32F0xx_HAL_Driver\Src\stm32f0xx_hal_flash_ex.o
LOAD Drivers\STM32F0xx_HAL_Driver\Src\stm32f0xx_hal_gpio.o
LOAD Drivers\STM32F0xx_HAL_Driver\Src\stm32f0xx_hal_i2c.o
LOAD Drivers\STM32F0xx_HAL_Driver\Src\stm32f0xx_hal_i2c_ex.o
LOAD Drivers\STM32F0xx_HAL_Driver\Src\stm32f0xx_hal_pwr.o
LOAD Drivers\STM32F0xx_HAL_Driver\Src\stm32f0xx_hal_pwr_ex.o
LOAD Drivers\STM32F0xx_HAL_Driver\Src\stm32f0xx_hal_rcc.o
LOAD Drivers\STM32F0xx_HAL_Driver\Src\stm32f0xx_hal_rcc_ex.o
LOAD Drivers\STM32F0xx_HAL_Driver\Src\stm32f0xx_hal_tim.o
LOAD Drivers\STM32F0xx_HAL_Driver\Src\stm32f0xx_hal_tim_ex.o
LOAD Drivers\STM32F0xx_HAL_Driver\Src\stm32f0xx_hal_uart.o
LOAD Drivers\STM32F0xx_HAL_Driver\Src\stm32f0xx_hal_uart_ex.o
LOAD Src\adc.o
LOAD Src\gpio.o
LOAD Src\main.o
LOAD Src\stm32f0xx_hal_msp.o
LOAD Src\stm32f0xx_it.o
LOAD Src\system_stm32f0xx.o
LOAD Src\tim.o
LOAD Src\usart.o
LOAD startup\startup_stm32f030x8.o
                0x00000080                malloc_getpagesize_P = 0x80
START GROUP
LOAD c:/program files (x86)/atollic/truestudio for stm32 9.0.0/armtools/bin/../lib/gcc/arm-atollic-eabi/6.3.1/../../../../arm-atollic-eabi/lib/armv6-m\libc_nano.a
LOAD c:/program files (x86)/atollic/truestudio for stm32 9.0.0/armtools/bin/../lib/gcc/arm-atollic-eabi/6.3.1/../../../../arm-atollic-eabi/lib/armv6-m\libm.a
END GROUP
START GROUP
LOAD c:/program files (x86)/atollic/truestudio for stm32 9.0.0/armtools/bin/../lib/gcc/arm-atollic-eabi/6.3.1/armv6-m\libgcc.a
LOAD c:/program files (x86)/atollic/truestudio for stm32 9.0.0/armtools/bin/../lib/gcc/arm-atollic-eabi/6.3.1/../../../../arm-atollic-eabi/lib/armv6-m\libc_nano.a
END GROUP
START GROUP
LOAD c:/program files (x86)/atollic/truestudio for stm32 9.0.0/armtools/bin/../lib/gcc/arm-atollic-eabi/6.3.1/armv6-m\libgcc.a
LOAD c:/program files (x86)/atollic/truestudio for stm32 9.0.0/armtools/bin/../lib/gcc/arm-atollic-eabi/6.3.1/../../../../arm-atollic-eabi/lib/armv6-m\libc_nano.a
LOAD c:/program files (x86)/atollic/truestudio for stm32 9.0.0/armtools/bin/../lib/gcc/arm-atollic-eabi/6.3.1/../../../../arm-atollic-eabi/lib/armv6-m\libnosys.a
END GROUP
START GROUP
LOAD c:/program files (x86)/atollic/truestudio for stm32 9.0.0/armtools/bin/../lib/gcc/arm-atollic-eabi/6.3.1/armv6-m\libgcc.a
LOAD c:/program files (x86)/atollic/truestudio for stm32 9.0.0/armtools/bin/../lib/gcc/arm-atollic-eabi/6.3.1/../../../../arm-atollic-eabi/lib/armv6-m\libc_nano.a
LOAD c:/program files (x86)/atollic/truestudio for stm32 9.0.0/armtools/bin/../lib/gcc/arm-atollic-eabi/6.3.1/../../../../arm-atollic-eabi/lib/armv6-m\libnosys.a
END GROUP
LOAD c:/program files (x86)/atollic/truestudio for stm32 9.0.0/armtools/bin/../lib/gcc/arm-atollic-eabi/6.3.1/armv6-m/crtend.o
LOAD c:/program files (x86)/atollic/truestudio for stm32 9.0.0/armtools/bin/../lib/gcc/arm-atollic-eabi/6.3.1/armv6-m/crtn.o
                0x20002000                _estack = 0x20002000
                0x00000200                _Min_Heap_Size = 0x200
                0x00000400                _Min_Stack_Size = 0x400

.isr_vector     0x08000000       0xc0
                0x08000000                . = ALIGN (0x4)
 *(.isr_vector)
 .isr_vector    0x08000000       0xc0 startup\startup_stm32f030x8.o
                0x08000000                g_pfnVectors
                0x080000c0                . = ALIGN (0x4)

.text           0x080000c0     0x2264
                0x080000c0                . = ALIGN (0x4)
 *(.text)
 .text          0x080000c0       0x48 c:/program files (x86)/atollic/truestudio for stm32 9.0.0/armtools/bin/../lib/gcc/arm-atollic-eabi/6.3.1/armv6-m/crtbegin.o
 .text          0x08000108       0x14 c:/program files (x86)/atollic/truestudio for stm32 9.0.0/armtools/bin/../lib/gcc/arm-atollic-eabi/6.3.1/armv6-m\libgcc.a(_thumb1_case_sqi.o)
                0x08000108                __gnu_thumb1_case_sqi
 .text          0x0800011c       0x14 c:/program files (x86)/atollic/truestudio for stm32 9.0.0/armtools/bin/../lib/gcc/arm-atollic-eabi/6.3.1/armv6-m\libgcc.a(_thumb1_case_uqi.o)
                0x0800011c                __gnu_thumb1_case_uqi
 .text          0x08000130      0x114 c:/program files (x86)/atollic/truestudio for stm32 9.0.0/armtools/bin/../lib/gcc/arm-atollic-eabi/6.3.1/armv6-m\libgcc.a(_udivsi3.o)
                0x08000130                __aeabi_uidiv
                0x08000130                __udivsi3
                0x0800023c                __aeabi_uidivmod
 .text          0x08000244        0x4 c:/program files (x86)/atollic/truestudio for stm32 9.0.0/armtools/bin/../lib/gcc/arm-atollic-eabi/6.3.1/armv6-m\libgcc.a(_dvmd_tls.o)
                0x08000244                __aeabi_idiv0
                0x08000244                __aeabi_ldiv0
 *(.text*)
 .text.APP_Init
                0x08000248       0x10 00_App\Src\app_init.o
                0x08000248                APP_Init
 .text.initComm
                0x08000258       0x20 01_BSP\Src\bsp_communication.o
                0x08000258                initComm
 .text.HAL_UART_RxCpltCallback
                0x08000278       0x44 01_BSP\Src\bsp_communication.o
                0x08000278                HAL_UART_RxCpltCallback
 .text.BSP_SetLEDBurstOFF5V
                0x080002bc       0x10 01_BSP\Src\bsp_leds.o
                0x080002bc                BSP_SetLEDBurstOFF5V
 .text.BSP_SetLEDBurtsOFF6V
                0x080002cc       0x10 01_BSP\Src\bsp_leds.o
                0x080002cc                BSP_SetLEDBurtsOFF6V
 .text.BSP_LEDStart
                0x080002dc        0xc 01_BSP\Src\bsp_leds.o
                0x080002dc                BSP_LEDStart
 .text.BSP_PWMStart
                0x080002e8       0x3c 01_BSP\Src\bsp_pwm.o
                0x080002e8                BSP_PWMStart
 .text.HAL_InitTick
                0x08000324       0x24 Drivers\STM32F0xx_HAL_Driver\Src\stm32f0xx_hal.o
                0x08000324                HAL_InitTick
 .text.HAL_Init
                0x08000348       0x20 Drivers\STM32F0xx_HAL_Driver\Src\stm32f0xx_hal.o
                0x08000348                HAL_Init
 .text.HAL_IncTick
                0x08000368       0x10 Drivers\STM32F0xx_HAL_Driver\Src\stm32f0xx_hal.o
                0x08000368                HAL_IncTick
 .text.HAL_GetTick
                0x08000378        0xc Drivers\STM32F0xx_HAL_Driver\Src\stm32f0xx_hal.o
                0x08000378                HAL_GetTick
 .text.HAL_Delay
                0x08000384       0x20 Drivers\STM32F0xx_HAL_Driver\Src\stm32f0xx_hal.o
                0x08000384                HAL_Delay
 .text.HAL_ADC_Init
                0x080003a4      0x14c Drivers\STM32F0xx_HAL_Driver\Src\stm32f0xx_hal_adc.o
                0x080003a4                HAL_ADC_Init
 .text.HAL_ADC_ConvCpltCallback
                0x080004f0        0x2 Drivers\STM32F0xx_HAL_Driver\Src\stm32f0xx_hal_adc.o
                0x080004f0                HAL_ADC_ConvCpltCallback
 .text.HAL_ADC_LevelOutOfWindowCallback
                0x080004f2        0x2 Drivers\STM32F0xx_HAL_Driver\Src\stm32f0xx_hal_adc.o
                0x080004f2                HAL_ADC_LevelOutOfWindowCallback
 .text.HAL_ADC_ErrorCallback
                0x080004f4        0x2 Drivers\STM32F0xx_HAL_Driver\Src\stm32f0xx_hal_adc.o
                0x080004f4                HAL_ADC_ErrorCallback
 *fill*         0x080004f6        0x2 
 .text.HAL_ADC_IRQHandler
                0x080004f8       0xe0 Drivers\STM32F0xx_HAL_Driver\Src\stm32f0xx_hal_adc.o
                0x080004f8                HAL_ADC_IRQHandler
 .text.HAL_ADC_ConfigChannel
                0x080005d8       0xec Drivers\STM32F0xx_HAL_Driver\Src\stm32f0xx_hal_adc.o
                0x080005d8                HAL_ADC_ConfigChannel
 .text.HAL_NVIC_SetPriority
                0x080006c4       0x60 Drivers\STM32F0xx_HAL_Driver\Src\stm32f0xx_hal_cortex.o
                0x080006c4                HAL_NVIC_SetPriority
 .text.HAL_NVIC_EnableIRQ
                0x08000724       0x14 Drivers\STM32F0xx_HAL_Driver\Src\stm32f0xx_hal_cortex.o
                0x08000724                HAL_NVIC_EnableIRQ
 .text.HAL_SYSTICK_Config
                0x08000738       0x34 Drivers\STM32F0xx_HAL_Driver\Src\stm32f0xx_hal_cortex.o
                0x08000738                HAL_SYSTICK_Config
 .text.HAL_SYSTICK_CLKSourceConfig
                0x0800076c       0x1c Drivers\STM32F0xx_HAL_Driver\Src\stm32f0xx_hal_cortex.o
                0x0800076c                HAL_SYSTICK_CLKSourceConfig
 .text.HAL_SYSTICK_Callback
                0x08000788        0x2 Drivers\STM32F0xx_HAL_Driver\Src\stm32f0xx_hal_cortex.o
                0x08000788                HAL_SYSTICK_Callback
 .text.HAL_SYSTICK_IRQHandler
                0x0800078a        0x8 Drivers\STM32F0xx_HAL_Driver\Src\stm32f0xx_hal_cortex.o
                0x0800078a                HAL_SYSTICK_IRQHandler
 .text.HAL_DMA_Abort_IT
                0x08000792       0x46 Drivers\STM32F0xx_HAL_Driver\Src\stm32f0xx_hal_dma.o
                0x08000792                HAL_DMA_Abort_IT
 .text.HAL_GPIO_Init
                0x080007d8      0x160 Drivers\STM32F0xx_HAL_Driver\Src\stm32f0xx_hal_gpio.o
                0x080007d8                HAL_GPIO_Init
 .text.HAL_GPIO_WritePin
                0x08000938        0xc Drivers\STM32F0xx_HAL_Driver\Src\stm32f0xx_hal_gpio.o
                0x08000938                HAL_GPIO_WritePin
 .text.HAL_RCC_OscConfig
                0x08000944      0x3c4 Drivers\STM32F0xx_HAL_Driver\Src\stm32f0xx_hal_rcc.o
                0x08000944                HAL_RCC_OscConfig
 .text.HAL_RCC_GetSysClockFreq
                0x08000d08       0x64 Drivers\STM32F0xx_HAL_Driver\Src\stm32f0xx_hal_rcc.o
                0x08000d08                HAL_RCC_GetSysClockFreq
 .text.HAL_RCC_ClockConfig
                0x08000d6c      0x12c Drivers\STM32F0xx_HAL_Driver\Src\stm32f0xx_hal_rcc.o
                0x08000d6c                HAL_RCC_ClockConfig
 .text.HAL_RCC_GetHCLKFreq
                0x08000e98        0xc Drivers\STM32F0xx_HAL_Driver\Src\stm32f0xx_hal_rcc.o
                0x08000e98                HAL_RCC_GetHCLKFreq
 .text.HAL_RCC_GetPCLK1Freq
                0x08000ea4       0x20 Drivers\STM32F0xx_HAL_Driver\Src\stm32f0xx_hal_rcc.o
                0x08000ea4                HAL_RCC_GetPCLK1Freq
 .text.HAL_RCCEx_PeriphCLKConfig
                0x08000ec4      0x108 Drivers\STM32F0xx_HAL_Driver\Src\stm32f0xx_hal_rcc_ex.o
                0x08000ec4                HAL_RCCEx_PeriphCLKConfig
 .text.TIM_OC1_SetConfig
                0x08000fcc       0x88 Drivers\STM32F0xx_HAL_Driver\Src\stm32f0xx_hal_tim.o
 .text.TIM_OC3_SetConfig
                0x08001054       0x88 Drivers\STM32F0xx_HAL_Driver\Src\stm32f0xx_hal_tim.o
 .text.TIM_OC4_SetConfig
                0x080010dc       0x74 Drivers\STM32F0xx_HAL_Driver\Src\stm32f0xx_hal_tim.o
 .text.HAL_TIM_Base_Start
                0x08001150       0x18 Drivers\STM32F0xx_HAL_Driver\Src\stm32f0xx_hal_tim.o
                0x08001150                HAL_TIM_Base_Start
 .text.HAL_TIM_PeriodElapsedCallback
                0x08001168        0x2 Drivers\STM32F0xx_HAL_Driver\Src\stm32f0xx_hal_tim.o
                0x08001168                HAL_TIM_PeriodElapsedCallback
 .text.HAL_TIM_OC_DelayElapsedCallback
                0x0800116a        0x2 Drivers\STM32F0xx_HAL_Driver\Src\stm32f0xx_hal_tim.o
                0x0800116a                HAL_TIM_OC_DelayElapsedCallback
 .text.HAL_TIM_IC_CaptureCallback
                0x0800116c        0x2 Drivers\STM32F0xx_HAL_Driver\Src\stm32f0xx_hal_tim.o
                0x0800116c                HAL_TIM_IC_CaptureCallback
 .text.HAL_TIM_PWM_PulseFinishedCallback
                0x0800116e        0x2 Drivers\STM32F0xx_HAL_Driver\Src\stm32f0xx_hal_tim.o
                0x0800116e                HAL_TIM_PWM_PulseFinishedCallback
 .text.HAL_TIM_TriggerCallback
                0x08001170        0x2 Drivers\STM32F0xx_HAL_Driver\Src\stm32f0xx_hal_tim.o
                0x08001170                HAL_TIM_TriggerCallback
 .text.HAL_TIM_IRQHandler
                0x08001172      0x148 Drivers\STM32F0xx_HAL_Driver\Src\stm32f0xx_hal_tim.o
                0x08001172                HAL_TIM_IRQHandler
 *fill*         0x080012ba        0x2 
 .text.TIM_Base_SetConfig
                0x080012bc       0x90 Drivers\STM32F0xx_HAL_Driver\Src\stm32f0xx_hal_tim.o
                0x080012bc                TIM_Base_SetConfig
 .text.HAL_TIM_PWM_Init
                0x0800134c       0x36 Drivers\STM32F0xx_HAL_Driver\Src\stm32f0xx_hal_tim.o
                0x0800134c                HAL_TIM_PWM_Init
 *fill*         0x08001382        0x2 
 .text.TIM_OC2_SetConfig
                0x08001384       0x80 Drivers\STM32F0xx_HAL_Driver\Src\stm32f0xx_hal_tim.o
                0x08001384                TIM_OC2_SetConfig
 .text.HAL_TIM_PWM_ConfigChannel
                0x08001404       0xd4 Drivers\STM32F0xx_HAL_Driver\Src\stm32f0xx_hal_tim.o
                0x08001404                HAL_TIM_PWM_ConfigChannel
 .text.TIM_CCxChannelCmd
                0x080014d8       0x16 Drivers\STM32F0xx_HAL_Driver\Src\stm32f0xx_hal_tim.o
                0x080014d8                TIM_CCxChannelCmd
 *fill*         0x080014ee        0x2 
 .text.HAL_TIM_PWM_Start
                0x080014f0       0x4c Drivers\STM32F0xx_HAL_Driver\Src\stm32f0xx_hal_tim.o
                0x080014f0                HAL_TIM_PWM_Start
 .text.HAL_TIMEx_MasterConfigSynchronization
                0x0800153c       0x42 Drivers\STM32F0xx_HAL_Driver\Src\stm32f0xx_hal_tim_ex.o
                0x0800153c                HAL_TIMEx_MasterConfigSynchronization
 *fill*         0x0800157e        0x2 
 .text.HAL_TIMEx_ConfigBreakDeadTime
                0x08001580       0x78 Drivers\STM32F0xx_HAL_Driver\Src\stm32f0xx_hal_tim_ex.o
                0x08001580                HAL_TIMEx_ConfigBreakDeadTime
 .text.HAL_TIMEx_CommutationCallback
                0x080015f8        0x2 Drivers\STM32F0xx_HAL_Driver\Src\stm32f0xx_hal_tim_ex.o
                0x080015f8                HAL_TIMEx_CommutationCallback
 .text.HAL_TIMEx_BreakCallback
                0x080015fa        0x2 Drivers\STM32F0xx_HAL_Driver\Src\stm32f0xx_hal_tim_ex.o
                0x080015fa                HAL_TIMEx_BreakCallback
 .text.UART_EndRxTransfer
                0x080015fc       0x20 Drivers\STM32F0xx_HAL_Driver\Src\stm32f0xx_hal_uart.o
 .text.HAL_UART_Transmit_IT
                0x0800161c       0x5c Drivers\STM32F0xx_HAL_Driver\Src\stm32f0xx_hal_uart.o
                0x0800161c                HAL_UART_Transmit_IT
 .text.HAL_UART_Receive_IT
                0x08001678       0x94 Drivers\STM32F0xx_HAL_Driver\Src\stm32f0xx_hal_uart.o
                0x08001678                HAL_UART_Receive_IT
 .text.HAL_UART_TxCpltCallback
                0x0800170c        0x2 Drivers\STM32F0xx_HAL_Driver\Src\stm32f0xx_hal_uart.o
                0x0800170c                HAL_UART_TxCpltCallback
 .text.HAL_UART_ErrorCallback
                0x0800170e        0x2 Drivers\STM32F0xx_HAL_Driver\Src\stm32f0xx_hal_uart.o
                0x0800170e                HAL_UART_ErrorCallback
 .text.UART_DMAAbortOnError
                0x08001710       0x16 Drivers\STM32F0xx_HAL_Driver\Src\stm32f0xx_hal_uart.o
 *fill*         0x08001726        0x2 
 .text.UART_SetConfig
                0x08001728      0x134 Drivers\STM32F0xx_HAL_Driver\Src\stm32f0xx_hal_uart.o
                0x08001728                UART_SetConfig
 .text.UART_AdvFeatureConfig
                0x0800185c       0xd0 Drivers\STM32F0xx_HAL_Driver\Src\stm32f0xx_hal_uart.o
                0x0800185c                UART_AdvFeatureConfig
 .text.HAL_UART_Init
                0x0800192c       0x78 Drivers\STM32F0xx_HAL_Driver\Src\stm32f0xx_hal_uart.o
                0x0800192c                HAL_UART_Init
 .text.UART_Transmit_IT
                0x080019a4       0x64 Drivers\STM32F0xx_HAL_Driver\Src\stm32f0xx_hal_uart.o
                0x080019a4                UART_Transmit_IT
 .text.UART_EndTransmit_IT
                0x08001a08       0x1c Drivers\STM32F0xx_HAL_Driver\Src\stm32f0xx_hal_uart.o
                0x08001a08                UART_EndTransmit_IT
 .text.UART_Receive_IT
                0x08001a24       0x7c Drivers\STM32F0xx_HAL_Driver\Src\stm32f0xx_hal_uart.o
                0x08001a24                UART_Receive_IT
 .text.HAL_UART_IRQHandler
                0x08001aa0      0x118 Drivers\STM32F0xx_HAL_Driver\Src\stm32f0xx_hal_uart.o
                0x08001aa0                HAL_UART_IRQHandler
 .text.MX_ADC_Init
                0x08001bb8       0xd4 Src\adc.o
                0x08001bb8                MX_ADC_Init
 .text.HAL_ADC_MspInit
                0x08001c8c       0x54 Src\adc.o
                0x08001c8c                HAL_ADC_MspInit
 .text.MX_GPIO_Init
                0x08001ce0       0xf4 Src\gpio.o
                0x08001ce0                MX_GPIO_Init
 .text.SystemClock_Config
                0x08001dd4       0x76 Src\main.o
                0x08001dd4                SystemClock_Config
 .text.startup.main
                0x08001e4a       0x2e Src\main.o
                0x08001e4a                main
 .text._Error_Handler
                0x08001e78        0x2 Src\main.o
                0x08001e78                _Error_Handler
 *fill*         0x08001e7a        0x2 
 .text.HAL_MspInit
                0x08001e7c       0x50 Src\stm32f0xx_hal_msp.o
                0x08001e7c                HAL_MspInit
 .text.NMI_Handler
                0x08001ecc        0x2 Src\stm32f0xx_it.o
                0x08001ecc                NMI_Handler
 .text.HardFault_Handler
                0x08001ece        0x2 Src\stm32f0xx_it.o
                0x08001ece                HardFault_Handler
 .text.SVC_Handler
                0x08001ed0        0x2 Src\stm32f0xx_it.o
                0x08001ed0                SVC_Handler
 .text.PendSV_Handler
                0x08001ed2        0x2 Src\stm32f0xx_it.o
                0x08001ed2                PendSV_Handler
 .text.SysTick_Handler
                0x08001ed4        0xc Src\stm32f0xx_it.o
                0x08001ed4                SysTick_Handler
 .text.ADC1_IRQHandler
                0x08001ee0       0x10 Src\stm32f0xx_it.o
                0x08001ee0                ADC1_IRQHandler
 .text.TIM1_BRK_UP_TRG_COM_IRQHandler
                0x08001ef0       0x10 Src\stm32f0xx_it.o
                0x08001ef0                TIM1_BRK_UP_TRG_COM_IRQHandler
 .text.USART1_IRQHandler
                0x08001f00       0x10 Src\stm32f0xx_it.o
                0x08001f00                USART1_IRQHandler
 .text.SystemInit
                0x08001f10       0x60 Src\system_stm32f0xx.o
                0x08001f10                SystemInit
 .text.HAL_TIM_PWM_MspInit
                0x08001f70       0x58 Src\tim.o
                0x08001f70                HAL_TIM_PWM_MspInit
 .text.HAL_TIM_MspPostInit
                0x08001fc8       0x54 Src\tim.o
                0x08001fc8                HAL_TIM_MspPostInit
 .text.MX_TIM1_Init
                0x0800201c      0x104 Src\tim.o
                0x0800201c                MX_TIM1_Init
 .text.MX_TIM3_Init
                0x08002120       0xa0 Src\tim.o
                0x08002120                MX_TIM3_Init
 .text.MX_USART1_UART_Init
                0x080021c0       0x40 Src\usart.o
                0x080021c0                MX_USART1_UART_Init
 .text.HAL_UART_MspInit
                0x08002200       0x5c Src\usart.o
                0x08002200                HAL_UART_MspInit
 .text.Reset_Handler
                0x0800225c       0x50 startup\startup_stm32f030x8.o
                0x0800225c                Reset_Handler
 .text.Default_Handler
                0x080022ac        0x2 startup\startup_stm32f030x8.o
                0x080022ac                TIM1_CC_IRQHandler
                0x080022ac                TIM6_IRQHandler
                0x080022ac                I2C1_IRQHandler
                0x080022ac                SPI1_IRQHandler
                0x080022ac                EXTI2_3_IRQHandler
                0x080022ac                I2C2_IRQHandler
                0x080022ac                TIM17_IRQHandler
                0x080022ac                RTC_IRQHandler
                0x080022ac                TIM16_IRQHandler
                0x080022ac                TIM3_IRQHandler
                0x080022ac                EXTI4_15_IRQHandler
                0x080022ac                RCC_IRQHandler
                0x080022ac                DMA1_Channel1_IRQHandler
                0x080022ac                Default_Handler
                0x080022ac                TIM14_IRQHandler
                0x080022ac                DMA1_Channel4_5_IRQHandler
                0x080022ac                TIM15_IRQHandler
                0x080022ac                EXTI0_1_IRQHandler
                0x080022ac                SPI2_IRQHandler
                0x080022ac                WWDG_IRQHandler
                0x080022ac                DMA1_Channel2_3_IRQHandler
                0x080022ac                USART2_IRQHandler
                0x080022ac                FLASH_IRQHandler
 *fill*         0x080022ae        0x2 
 .text.__libc_init_array
                0x080022b0       0x48 c:/program files (x86)/atollic/truestudio for stm32 9.0.0/armtools/bin/../lib/gcc/arm-atollic-eabi/6.3.1/../../../../arm-atollic-eabi/lib/armv6-m\libc_nano.a(lib_a-init.o)
                0x080022b0                __libc_init_array
 .text.memcpy   0x080022f8       0x12 c:/program files (x86)/atollic/truestudio for stm32 9.0.0/armtools/bin/../lib/gcc/arm-atollic-eabi/6.3.1/../../../../arm-atollic-eabi/lib/armv6-m\libc_nano.a(lib_a-memcpy-stub.o)
                0x080022f8                memcpy
 *(.glue_7)
 .glue_7        0x0800230a        0x0 linker stubs
 *(.glue_7t)
 .glue_7t       0x0800230a        0x0 linker stubs
 *(.eh_frame)
 *fill*         0x0800230a        0x2 
 .eh_frame      0x0800230c        0x0 c:/program files (x86)/atollic/truestudio for stm32 9.0.0/armtools/bin/../lib/gcc/arm-atollic-eabi/6.3.1/armv6-m/crtbegin.o
 *(.init)
 .init          0x0800230c        0x4 c:/program files (x86)/atollic/truestudio for stm32 9.0.0/armtools/bin/../lib/gcc/arm-atollic-eabi/6.3.1/armv6-m/crti.o
                0x0800230c                _init
 .init          0x08002310        0x8 c:/program files (x86)/atollic/truestudio for stm32 9.0.0/armtools/bin/../lib/gcc/arm-atollic-eabi/6.3.1/armv6-m/crtn.o
 *(.fini)
 .fini          0x08002318        0x4 c:/program files (x86)/atollic/truestudio for stm32 9.0.0/armtools/bin/../lib/gcc/arm-atollic-eabi/6.3.1/armv6-m/crti.o
                0x08002318                _fini
 .fini          0x0800231c        0x8 c:/program files (x86)/atollic/truestudio for stm32 9.0.0/armtools/bin/../lib/gcc/arm-atollic-eabi/6.3.1/armv6-m/crtn.o
                0x08002324                . = ALIGN (0x4)
                0x08002324                _etext = .

.vfp11_veneer   0x08002324        0x0
 .vfp11_veneer  0x08002324        0x0 linker stubs

.v4_bx          0x08002324        0x0
 .v4_bx         0x08002324        0x0 linker stubs

.iplt           0x08002324        0x0
 .iplt          0x08002324        0x0 c:/program files (x86)/atollic/truestudio for stm32 9.0.0/armtools/bin/../lib/gcc/arm-atollic-eabi/6.3.1/armv6-m/crtbegin.o

.rodata         0x08002324       0x68
                0x08002324                . = ALIGN (0x4)
 *(.rodata)
 .rodata        0x08002324       0x20 Drivers\STM32F0xx_HAL_Driver\Src\stm32f0xx_hal_rcc.o
 *(.rodata*)
 .rodata.CSWTCH.50
                0x08002344        0x4 Drivers\STM32F0xx_HAL_Driver\Src\stm32f0xx_hal_uart.o
 .rodata.MX_ADC_Init.str1.1
                0x08002348        0xd Src\adc.o
 .rodata.AHBPrescTable
                0x08002355       0x10 Src\system_stm32f0xx.o
                0x08002355                AHBPrescTable
 .rodata.APBPrescTable
                0x08002365        0x8 Src\system_stm32f0xx.o
                0x08002365                APBPrescTable
 .rodata.MX_TIM1_Init.str1.1
                0x0800236d        0xd Src\tim.o
 .rodata.MX_USART1_UART_Init.str1.1
                0x0800237a        0xf Src\usart.o
                0x0800238c                . = ALIGN (0x4)
 *fill*         0x08002389        0x3 

.rel.dyn        0x0800238c        0x0
 .rel.iplt      0x0800238c        0x0 c:/program files (x86)/atollic/truestudio for stm32 9.0.0/armtools/bin/../lib/gcc/arm-atollic-eabi/6.3.1/armv6-m/crtbegin.o

.ARM.extab
 *(.ARM.extab* .gnu.linkonce.armextab.*)

.ARM            0x0800238c        0x0
                0x0800238c                __exidx_start = .
 *(.ARM.exidx*)
                0x0800238c                __exidx_end = .

.preinit_array  0x0800238c        0x0
                0x0800238c                PROVIDE (__preinit_array_start, .)
 *(.preinit_array*)
                0x0800238c                PROVIDE (__preinit_array_end, .)

.init_array     0x0800238c        0x4
                0x0800238c                PROVIDE (__init_array_start, .)
 *(SORT(.init_array.*))
 *(.init_array*)
 .init_array    0x0800238c        0x4 c:/program files (x86)/atollic/truestudio for stm32 9.0.0/armtools/bin/../lib/gcc/arm-atollic-eabi/6.3.1/armv6-m/crtbegin.o
                0x08002390                PROVIDE (__init_array_end, .)

.fini_array     0x08002390        0x4
                [!provide]                PROVIDE (__fini_array_start, .)
 *(SORT(.fini_array.*))
 *(.fini_array*)
 .fini_array    0x08002390        0x4 c:/program files (x86)/atollic/truestudio for stm32 9.0.0/armtools/bin/../lib/gcc/arm-atollic-eabi/6.3.1/armv6-m/crtbegin.o
                [!provide]                PROVIDE (__fini_array_end, .)
                0x08002394                _sidata = LOADADDR (.data)

.data           0x20000000        0xc load address 0x08002394
                0x20000000                . = ALIGN (0x4)
                0x20000000                _sdata = .
 *(.data)
 *(.data*)
 .data.response
                0x20000000        0x6 01_BSP\Src\bsp_communication.o
                0x20000000                response
 *fill*         0x20000006        0x2 
 .data.SystemCoreClock
                0x20000008        0x4 Src\system_stm32f0xx.o
                0x20000008                SystemCoreClock
                0x2000000c                . = ALIGN (0x4)
                0x2000000c                _edata = .

.igot.plt       0x2000000c        0x0 load address 0x080023a0
 .igot.plt      0x2000000c        0x0 c:/program files (x86)/atollic/truestudio for stm32 9.0.0/armtools/bin/../lib/gcc/arm-atollic-eabi/6.3.1/armv6-m/crtbegin.o
                0x2000000c                . = ALIGN (0x4)

.bss            0x2000000c      0x174 load address 0x080023a0
                0x2000000c                _sbss = .
                0x2000000c                __bss_start__ = _sbss
 *(.bss)
 .bss           0x2000000c       0x1c c:/program files (x86)/atollic/truestudio for stm32 9.0.0/armtools/bin/../lib/gcc/arm-atollic-eabi/6.3.1/armv6-m/crtbegin.o
 *(.bss*)
 *(COMMON)
 COMMON         0x20000028       0x18 01_BSP\Src\bsp_communication.o
                0x20000028                rx
                0x2000003c                i
 COMMON         0x20000040        0x4 Drivers\STM32F0xx_HAL_Driver\Src\stm32f0xx_hal.o
                0x20000040                uwTick
 COMMON         0x20000044       0x4c Src\adc.o
                0x20000044                hadc
 COMMON         0x20000090       0x80 Src\tim.o
                0x20000090                htim3
                0x200000d0                htim1
 COMMON         0x20000110       0x70 Src\usart.o
                0x20000110                huart1
                0x20000180                . = ALIGN (0x4)
                0x20000180                _ebss = .
                0x20000180                __bss_end__ = _ebss

._user_heap_stack
                0x20000180      0x600 load address 0x080023a0
                0x20000180                . = ALIGN (0x4)
                [!provide]                PROVIDE (end, .)
                [!provide]                PROVIDE (_end, .)
                0x20000380                . = (. + _Min_Heap_Size)
 *fill*         0x20000180      0x200 
                0x20000780                . = (. + _Min_Stack_Size)
 *fill*         0x20000380      0x400 
                0x20000780                . = ALIGN (0x4)

/DISCARD/
 libc.a(*)
 libm.a(*)
 libgcc.a(*)

.ARM.attributes
                0x00000000       0x28
 *(.ARM.attributes)
 .ARM.attributes
                0x00000000       0x1e c:/program files (x86)/atollic/truestudio for stm32 9.0.0/armtools/bin/../lib/gcc/arm-atollic-eabi/6.3.1/armv6-m/crti.o
 .ARM.attributes
                0x0000001e       0x2c c:/program files (x86)/atollic/truestudio for stm32 9.0.0/armtools/bin/../lib/gcc/arm-atollic-eabi/6.3.1/armv6-m/crtbegin.o
 .ARM.attributes
                0x0000004a       0x31 00_App\Src\app_init.o
 .ARM.attributes
                0x0000007b       0x31 01_BSP\Src\bsp_communication.o
 .ARM.attributes
                0x000000ac       0x31 01_BSP\Src\bsp_leds.o
 .ARM.attributes
                0x000000dd       0x31 01_BSP\Src\bsp_pwm.o
 .ARM.attributes
                0x0000010e       0x31 Drivers\STM32F0xx_HAL_Driver\Src\stm32f0xx_hal.o
 .ARM.attributes
                0x0000013f       0x31 Drivers\STM32F0xx_HAL_Driver\Src\stm32f0xx_hal_adc.o
 .ARM.attributes
                0x00000170       0x31 Drivers\STM32F0xx_HAL_Driver\Src\stm32f0xx_hal_cortex.o
 .ARM.attributes
                0x000001a1       0x31 Drivers\STM32F0xx_HAL_Driver\Src\stm32f0xx_hal_dma.o
 .ARM.attributes
                0x000001d2       0x31 Drivers\STM32F0xx_HAL_Driver\Src\stm32f0xx_hal_gpio.o
 .ARM.attributes
                0x00000203       0x31 Drivers\STM32F0xx_HAL_Driver\Src\stm32f0xx_hal_rcc.o
 .ARM.attributes
                0x00000234       0x31 Drivers\STM32F0xx_HAL_Driver\Src\stm32f0xx_hal_rcc_ex.o
 .ARM.attributes
                0x00000265       0x31 Drivers\STM32F0xx_HAL_Driver\Src\stm32f0xx_hal_tim.o
 .ARM.attributes
                0x00000296       0x31 Drivers\STM32F0xx_HAL_Driver\Src\stm32f0xx_hal_tim_ex.o
 .ARM.attributes
                0x000002c7       0x31 Drivers\STM32F0xx_HAL_Driver\Src\stm32f0xx_hal_uart.o
 .ARM.attributes
                0x000002f8       0x31 Src\adc.o
 .ARM.attributes
                0x00000329       0x31 Src\gpio.o
 .ARM.attributes
                0x0000035a       0x31 Src\main.o
 .ARM.attributes
                0x0000038b       0x31 Src\stm32f0xx_hal_msp.o
 .ARM.attributes
                0x000003bc       0x31 Src\stm32f0xx_it.o
 .ARM.attributes
                0x000003ed       0x31 Src\system_stm32f0xx.o
 .ARM.attributes
                0x0000041e       0x31 Src\tim.o
 .ARM.attributes
                0x0000044f       0x31 Src\usart.o
 .ARM.attributes
                0x00000480       0x21 startup\startup_stm32f030x8.o
 .ARM.attributes
                0x000004a1       0x2c c:/program files (x86)/atollic/truestudio for stm32 9.0.0/armtools/bin/../lib/gcc/arm-atollic-eabi/6.3.1/../../../../arm-atollic-eabi/lib/armv6-m\libc_nano.a(lib_a-init.o)
 .ARM.attributes
                0x000004cd       0x2c c:/program files (x86)/atollic/truestudio for stm32 9.0.0/armtools/bin/../lib/gcc/arm-atollic-eabi/6.3.1/../../../../arm-atollic-eabi/lib/armv6-m\libc_nano.a(lib_a-memcpy-stub.o)
 .ARM.attributes
                0x000004f9       0x1e c:/program files (x86)/atollic/truestudio for stm32 9.0.0/armtools/bin/../lib/gcc/arm-atollic-eabi/6.3.1/armv6-m\libgcc.a(_thumb1_case_sqi.o)
 .ARM.attributes
                0x00000517       0x1e c:/program files (x86)/atollic/truestudio for stm32 9.0.0/armtools/bin/../lib/gcc/arm-atollic-eabi/6.3.1/armv6-m\libgcc.a(_thumb1_case_uqi.o)
 .ARM.attributes
                0x00000535       0x1e c:/program files (x86)/atollic/truestudio for stm32 9.0.0/armtools/bin/../lib/gcc/arm-atollic-eabi/6.3.1/armv6-m\libgcc.a(_udivsi3.o)
 .ARM.attributes
                0x00000553       0x1e c:/program files (x86)/atollic/truestudio for stm32 9.0.0/armtools/bin/../lib/gcc/arm-atollic-eabi/6.3.1/armv6-m\libgcc.a(_dvmd_tls.o)
 .ARM.attributes
                0x00000571       0x1e c:/program files (x86)/atollic/truestudio for stm32 9.0.0/armtools/bin/../lib/gcc/arm-atollic-eabi/6.3.1/armv6-m/crtn.o
OUTPUT(motor-controller.elf elf32-littlearm)

.debug_info     0x00000000    0x1a971
 .debug_info    0x00000000      0x9dd 00_App\Src\app_init.o
 .debug_info    0x000009dd      0xf14 01_BSP\Src\bsp_communication.o
 .debug_info    0x000018f1     0x10fe 01_BSP\Src\bsp_leds.o
 .debug_info    0x000029ef     0x1144 01_BSP\Src\bsp_pwm.o
 .debug_info    0x00003b33      0xe49 Drivers\STM32F0xx_HAL_Driver\Src\stm32f0xx_hal.o
 .debug_info    0x0000497c     0x1672 Drivers\STM32F0xx_HAL_Driver\Src\stm32f0xx_hal_adc.o
 .debug_info    0x00005fee      0xff9 Drivers\STM32F0xx_HAL_Driver\Src\stm32f0xx_hal_cortex.o
 .debug_info    0x00006fe7     0x1018 Drivers\STM32F0xx_HAL_Driver\Src\stm32f0xx_hal_dma.o
 .debug_info    0x00007fff      0xe52 Drivers\STM32F0xx_HAL_Driver\Src\stm32f0xx_hal_gpio.o
 .debug_info    0x00008e51     0x116e Drivers\STM32F0xx_HAL_Driver\Src\stm32f0xx_hal_rcc.o
 .debug_info    0x00009fbf      0xbed Drivers\STM32F0xx_HAL_Driver\Src\stm32f0xx_hal_rcc_ex.o
 .debug_info    0x0000abac     0x3bff Drivers\STM32F0xx_HAL_Driver\Src\stm32f0xx_hal_tim.o
 .debug_info    0x0000e7ab     0x1932 Drivers\STM32F0xx_HAL_Driver\Src\stm32f0xx_hal_tim_ex.o
 .debug_info    0x000100dd     0x2071 Drivers\STM32F0xx_HAL_Driver\Src\stm32f0xx_hal_uart.o
 .debug_info    0x0001214e     0x12bc Src\adc.o
 .debug_info    0x0001340a      0xc78 Src\gpio.o
 .debug_info    0x00014082     0x16f5 Src\main.o
 .debug_info    0x00015777      0xb40 Src\stm32f0xx_hal_msp.o
 .debug_info    0x000162b7     0x1378 Src\stm32f0xx_it.o
 .debug_info    0x0001762f      0xa67 Src\system_stm32f0xx.o
 .debug_info    0x00018096     0x160c Src\tim.o
 .debug_info    0x000196a2     0x125c Src\usart.o
 .debug_info    0x0001a8fe       0x73 startup\startup_stm32f030x8.o

.debug_abbrev   0x00000000     0x3714
 .debug_abbrev  0x00000000      0x1a0 00_App\Src\app_init.o
 .debug_abbrev  0x000001a0      0x21d 01_BSP\Src\bsp_communication.o
 .debug_abbrev  0x000003bd      0x1ee 01_BSP\Src\bsp_leds.o
 .debug_abbrev  0x000005ab      0x281 01_BSP\Src\bsp_pwm.o
 .debug_abbrev  0x0000082c      0x2d1 Drivers\STM32F0xx_HAL_Driver\Src\stm32f0xx_hal.o
 .debug_abbrev  0x00000afd      0x33d Drivers\STM32F0xx_HAL_Driver\Src\stm32f0xx_hal_adc.o
 .debug_abbrev  0x00000e3a      0x30a Drivers\STM32F0xx_HAL_Driver\Src\stm32f0xx_hal_cortex.o
 .debug_abbrev  0x00001144      0x2a3 Drivers\STM32F0xx_HAL_Driver\Src\stm32f0xx_hal_dma.o
 .debug_abbrev  0x000013e7      0x277 Drivers\STM32F0xx_HAL_Driver\Src\stm32f0xx_hal_gpio.o
 .debug_abbrev  0x0000165e      0x2ea Drivers\STM32F0xx_HAL_Driver\Src\stm32f0xx_hal_rcc.o
 .debug_abbrev  0x00001948      0x268 Drivers\STM32F0xx_HAL_Driver\Src\stm32f0xx_hal_rcc_ex.o
 .debug_abbrev  0x00001bb0      0x3a5 Drivers\STM32F0xx_HAL_Driver\Src\stm32f0xx_hal_tim.o
 .debug_abbrev  0x00001f55      0x30d Drivers\STM32F0xx_HAL_Driver\Src\stm32f0xx_hal_tim_ex.o
 .debug_abbrev  0x00002262      0x378 Drivers\STM32F0xx_HAL_Driver\Src\stm32f0xx_hal_uart.o
 .debug_abbrev  0x000025da      0x222 Src\adc.o
 .debug_abbrev  0x000027fc      0x1ec Src\gpio.o
 .debug_abbrev  0x000029e8      0x26e Src\main.o
 .debug_abbrev  0x00002c56      0x1f5 Src\stm32f0xx_hal_msp.o
 .debug_abbrev  0x00002e4b      0x223 Src\stm32f0xx_it.o
 .debug_abbrev  0x0000306e      0x1ca Src\system_stm32f0xx.o
 .debug_abbrev  0x00003238      0x2a8 Src\tim.o
 .debug_abbrev  0x000034e0      0x222 Src\usart.o
 .debug_abbrev  0x00003702       0x12 startup\startup_stm32f030x8.o

.debug_aranges  0x00000000      0xaf8
 .debug_aranges
                0x00000000       0x20 00_App\Src\app_init.o
 .debug_aranges
                0x00000020       0x28 01_BSP\Src\bsp_communication.o
 .debug_aranges
                0x00000048       0x70 01_BSP\Src\bsp_leds.o
 .debug_aranges
                0x000000b8       0x40 01_BSP\Src\bsp_pwm.o
 .debug_aranges
                0x000000f8       0xb0 Drivers\STM32F0xx_HAL_Driver\Src\stm32f0xx_hal.o
 .debug_aranges
                0x000001a8       0xd0 Drivers\STM32F0xx_HAL_Driver\Src\stm32f0xx_hal_adc.o
 .debug_aranges
                0x00000278       0x78 Drivers\STM32F0xx_HAL_Driver\Src\stm32f0xx_hal_cortex.o
 .debug_aranges
                0x000002f0       0x78 Drivers\STM32F0xx_HAL_Driver\Src\stm32f0xx_hal_dma.o
 .debug_aranges
                0x00000368       0x58 Drivers\STM32F0xx_HAL_Driver\Src\stm32f0xx_hal_gpio.o
 .debug_aranges
                0x000003c0       0x80 Drivers\STM32F0xx_HAL_Driver\Src\stm32f0xx_hal_rcc.o
 .debug_aranges
                0x00000440       0x30 Drivers\STM32F0xx_HAL_Driver\Src\stm32f0xx_hal_rcc_ex.o
 .debug_aranges
                0x00000470      0x268 Drivers\STM32F0xx_HAL_Driver\Src\stm32f0xx_hal_tim.o
 .debug_aranges
                0x000006d8       0xf0 Drivers\STM32F0xx_HAL_Driver\Src\stm32f0xx_hal_tim_ex.o
 .debug_aranges
                0x000007c8      0x188 Drivers\STM32F0xx_HAL_Driver\Src\stm32f0xx_hal_uart.o
 .debug_aranges
                0x00000950       0x30 Src\adc.o
 .debug_aranges
                0x00000980       0x20 Src\gpio.o
 .debug_aranges
                0x000009a0       0x30 Src\main.o
 .debug_aranges
                0x000009d0       0x20 Src\stm32f0xx_hal_msp.o
 .debug_aranges
                0x000009f0       0x48 Src\stm32f0xx_it.o
 .debug_aranges
                0x00000a38       0x28 Src\system_stm32f0xx.o
 .debug_aranges
                0x00000a60       0x40 Src\tim.o
 .debug_aranges
                0x00000aa0       0x30 Src\usart.o
 .debug_aranges
                0x00000ad0       0x28 startup\startup_stm32f030x8.o

.debug_ranges   0x00000000      0xf60
 .debug_ranges  0x00000000       0x10 00_App\Src\app_init.o
 .debug_ranges  0x00000010       0x18 01_BSP\Src\bsp_communication.o
 .debug_ranges  0x00000028       0x60 01_BSP\Src\bsp_leds.o
 .debug_ranges  0x00000088       0x50 01_BSP\Src\bsp_pwm.o
 .debug_ranges  0x000000d8       0xa0 Drivers\STM32F0xx_HAL_Driver\Src\stm32f0xx_hal.o
 .debug_ranges  0x00000178       0xc0 Drivers\STM32F0xx_HAL_Driver\Src\stm32f0xx_hal_adc.o
 .debug_ranges  0x00000238      0x120 Drivers\STM32F0xx_HAL_Driver\Src\stm32f0xx_hal_cortex.o
 .debug_ranges  0x00000358       0xe8 Drivers\STM32F0xx_HAL_Driver\Src\stm32f0xx_hal_dma.o
 .debug_ranges  0x00000440       0x70 Drivers\STM32F0xx_HAL_Driver\Src\stm32f0xx_hal_gpio.o
 .debug_ranges  0x000004b0       0xa0 Drivers\STM32F0xx_HAL_Driver\Src\stm32f0xx_hal_rcc.o
 .debug_ranges  0x00000550       0x40 Drivers\STM32F0xx_HAL_Driver\Src\stm32f0xx_hal_rcc_ex.o
 .debug_ranges  0x00000590      0x470 Drivers\STM32F0xx_HAL_Driver\Src\stm32f0xx_hal_tim.o
 .debug_ranges  0x00000a00       0xe0 Drivers\STM32F0xx_HAL_Driver\Src\stm32f0xx_hal_tim_ex.o
 .debug_ranges  0x00000ae0      0x1f0 Drivers\STM32F0xx_HAL_Driver\Src\stm32f0xx_hal_uart.o
 .debug_ranges  0x00000cd0       0x40 Src\adc.o
 .debug_ranges  0x00000d10       0xc0 Src\gpio.o
 .debug_ranges  0x00000dd0       0x20 Src\main.o
 .debug_ranges  0x00000df0       0x70 Src\stm32f0xx_hal_msp.o
 .debug_ranges  0x00000e60       0x38 Src\stm32f0xx_it.o
 .debug_ranges  0x00000e98       0x18 Src\system_stm32f0xx.o
 .debug_ranges  0x00000eb0       0x50 Src\tim.o
 .debug_ranges  0x00000f00       0x40 Src\usart.o
 .debug_ranges  0x00000f40       0x20 startup\startup_stm32f030x8.o

.debug_line     0x00000000     0x71d4
 .debug_line    0x00000000      0x270 00_App\Src\app_init.o
 .debug_line    0x00000270      0x2be 01_BSP\Src\bsp_communication.o
 .debug_line    0x0000052e      0x37c 01_BSP\Src\bsp_leds.o
 .debug_line    0x000008aa      0x361 01_BSP\Src\bsp_pwm.o
 .debug_line    0x00000c0b      0x440 Drivers\STM32F0xx_HAL_Driver\Src\stm32f0xx_hal.o
 .debug_line    0x0000104b      0x859 Drivers\STM32F0xx_HAL_Driver\Src\stm32f0xx_hal_adc.o
 .debug_line    0x000018a4      0x413 Drivers\STM32F0xx_HAL_Driver\Src\stm32f0xx_hal_cortex.o
 .debug_line    0x00001cb7      0x570 Drivers\STM32F0xx_HAL_Driver\Src\stm32f0xx_hal_dma.o
 .debug_line    0x00002227      0x421 Drivers\STM32F0xx_HAL_Driver\Src\stm32f0xx_hal_gpio.o
 .debug_line    0x00002648      0x61d Drivers\STM32F0xx_HAL_Driver\Src\stm32f0xx_hal_rcc.o
 .debug_line    0x00002c65      0x3b4 Drivers\STM32F0xx_HAL_Driver\Src\stm32f0xx_hal_rcc_ex.o
 .debug_line    0x00003019     0x1358 Drivers\STM32F0xx_HAL_Driver\Src\stm32f0xx_hal_tim.o
 .debug_line    0x00004371      0x798 Drivers\STM32F0xx_HAL_Driver\Src\stm32f0xx_hal_tim_ex.o
 .debug_line    0x00004b09      0xdc0 Drivers\STM32F0xx_HAL_Driver\Src\stm32f0xx_hal_uart.o
 .debug_line    0x000058c9      0x353 Src\adc.o
 .debug_line    0x00005c1c      0x291 Src\gpio.o
 .debug_line    0x00005ead      0x3d5 Src\main.o
 .debug_line    0x00006282      0x26e Src\stm32f0xx_hal_msp.o
 .debug_line    0x000064f0      0x336 Src\stm32f0xx_it.o
 .debug_line    0x00006826      0x25d Src\system_stm32f0xx.o
 .debug_line    0x00006a83      0x3be Src\tim.o
 .debug_line    0x00006e41      0x310 Src\usart.o
 .debug_line    0x00007151       0x83 startup\startup_stm32f030x8.o

.debug_str      0x00000000     0x3b56
 .debug_str     0x00000000      0x621 00_App\Src\app_init.o
                                0x6ab (size before relaxing)
 .debug_str     0x00000621      0x4ac 01_BSP\Src\bsp_communication.o
                                0xacc (size before relaxing)
 .debug_str     0x00000acd      0x342 01_BSP\Src\bsp_leds.o
                                0xb2a (size before relaxing)
 .debug_str     0x00000e0f       0xb5 01_BSP\Src\bsp_pwm.o
                                0xb15 (size before relaxing)
 .debug_str     0x00000ec4      0x44f Drivers\STM32F0xx_HAL_Driver\Src\stm32f0xx_hal.o
                                0xa38 (size before relaxing)
 .debug_str     0x00001313      0x4b6 Drivers\STM32F0xx_HAL_Driver\Src\stm32f0xx_hal_adc.o
                                0xd0b (size before relaxing)
 .debug_str     0x000017c9      0x1c6 Drivers\STM32F0xx_HAL_Driver\Src\stm32f0xx_hal_cortex.o
                                0xa40 (size before relaxing)
 .debug_str     0x0000198f      0x233 Drivers\STM32F0xx_HAL_Driver\Src\stm32f0xx_hal_dma.o
                                0xa74 (size before relaxing)
 .debug_str     0x00001bc2      0x156 Drivers\STM32F0xx_HAL_Driver\Src\stm32f0xx_hal_gpio.o
                                0x865 (size before relaxing)
 .debug_str     0x00001d18      0x2e7 Drivers\STM32F0xx_HAL_Driver\Src\stm32f0xx_hal_rcc.o
                                0xa45 (size before relaxing)
 .debug_str     0x00001fff      0x127 Drivers\STM32F0xx_HAL_Driver\Src\stm32f0xx_hal_rcc_ex.o
                                0x805 (size before relaxing)
 .debug_str     0x00002126      0xd3d Drivers\STM32F0xx_HAL_Driver\Src\stm32f0xx_hal_tim.o
                               0x17e0 (size before relaxing)
 .debug_str     0x00002e63      0x50d Drivers\STM32F0xx_HAL_Driver\Src\stm32f0xx_hal_tim_ex.o
                               0x1052 (size before relaxing)
 .debug_str     0x00003370      0x5be Drivers\STM32F0xx_HAL_Driver\Src\stm32f0xx_hal_uart.o
                               0x11b3 (size before relaxing)
 .debug_str     0x0000392e       0x42 Src\adc.o
                                0xca7 (size before relaxing)
 .debug_str     0x00003970       0x1b Src\gpio.o
                                0x710 (size before relaxing)
 .debug_str     0x0000398b       0x59 Src\main.o
                               0x11f7 (size before relaxing)
 .debug_str     0x000039e4       0x1b Src\stm32f0xx_hal_msp.o
                                0x7f5 (size before relaxing)
 .debug_str     0x000039ff       0xa0 Src\stm32f0xx_it.o
                                0xe7d (size before relaxing)
 .debug_str     0x00003a9f       0x5a Src\system_stm32f0xx.o
                                0x68b (size before relaxing)
 .debug_str     0x00003af9       0x43 Src\tim.o
                                0xe9e (size before relaxing)
 .debug_str     0x00003b3c       0x1a Src\usart.o
                                0xd83 (size before relaxing)

.comment        0x00000000       0x7c
 .comment       0x00000000       0x7c 00_App\Src\app_init.o
                                 0x7d (size before relaxing)
 .comment       0x0000007c       0x7d 01_BSP\Src\bsp_communication.o
 .comment       0x0000007c       0x7d 01_BSP\Src\bsp_leds.o
 .comment       0x0000007c       0x7d 01_BSP\Src\bsp_pwm.o
 .comment       0x0000007c       0x7d Drivers\STM32F0xx_HAL_Driver\Src\stm32f0xx_hal.o
 .comment       0x0000007c       0x7d Drivers\STM32F0xx_HAL_Driver\Src\stm32f0xx_hal_adc.o
 .comment       0x0000007c       0x7d Drivers\STM32F0xx_HAL_Driver\Src\stm32f0xx_hal_cortex.o
 .comment       0x0000007c       0x7d Drivers\STM32F0xx_HAL_Driver\Src\stm32f0xx_hal_dma.o
 .comment       0x0000007c       0x7d Drivers\STM32F0xx_HAL_Driver\Src\stm32f0xx_hal_gpio.o
 .comment       0x0000007c       0x7d Drivers\STM32F0xx_HAL_Driver\Src\stm32f0xx_hal_rcc.o
 .comment       0x0000007c       0x7d Drivers\STM32F0xx_HAL_Driver\Src\stm32f0xx_hal_rcc_ex.o
 .comment       0x0000007c       0x7d Drivers\STM32F0xx_HAL_Driver\Src\stm32f0xx_hal_tim.o
 .comment       0x0000007c       0x7d Drivers\STM32F0xx_HAL_Driver\Src\stm32f0xx_hal_tim_ex.o
 .comment       0x0000007c       0x7d Drivers\STM32F0xx_HAL_Driver\Src\stm32f0xx_hal_uart.o
 .comment       0x0000007c       0x7d Src\adc.o
 .comment       0x0000007c       0x7d Src\gpio.o
 .comment       0x0000007c       0x7d Src\main.o
 .comment       0x0000007c       0x7d Src\stm32f0xx_hal_msp.o
 .comment       0x0000007c       0x7d Src\stm32f0xx_it.o
 .comment       0x0000007c       0x7d Src\system_stm32f0xx.o
 .comment       0x0000007c       0x7d Src\tim.o
 .comment       0x0000007c       0x7d Src\usart.o

.debug_frame    0x00000000     0x205c
 .debug_frame   0x00000000       0x28 00_App\Src\app_init.o
 .debug_frame   0x00000028       0x44 01_BSP\Src\bsp_communication.o
 .debug_frame   0x0000006c      0x118 01_BSP\Src\bsp_leds.o
 .debug_frame   0x00000184       0xa4 01_BSP\Src\bsp_pwm.o
 .debug_frame   0x00000228      0x178 Drivers\STM32F0xx_HAL_Driver\Src\stm32f0xx_hal.o
 .debug_frame   0x000003a0      0x2d0 Drivers\STM32F0xx_HAL_Driver\Src\stm32f0xx_hal_adc.o
 .debug_frame   0x00000670       0xe4 Drivers\STM32F0xx_HAL_Driver\Src\stm32f0xx_hal_cortex.o
 .debug_frame   0x00000754      0x154 Drivers\STM32F0xx_HAL_Driver\Src\stm32f0xx_hal_dma.o
 .debug_frame   0x000008a8       0xc0 Drivers\STM32F0xx_HAL_Driver\Src\stm32f0xx_hal_gpio.o
 .debug_frame   0x00000968      0x130 Drivers\STM32F0xx_HAL_Driver\Src\stm32f0xx_hal_rcc.o
 .debug_frame   0x00000a98       0x58 Drivers\STM32F0xx_HAL_Driver\Src\stm32f0xx_hal_rcc_ex.o
 .debug_frame   0x00000af0      0x94c Drivers\STM32F0xx_HAL_Driver\Src\stm32f0xx_hal_tim.o
 .debug_frame   0x0000143c      0x388 Drivers\STM32F0xx_HAL_Driver\Src\stm32f0xx_hal_tim_ex.o
 .debug_frame   0x000017c4      0x528 Drivers\STM32F0xx_HAL_Driver\Src\stm32f0xx_hal_uart.o
 .debug_frame   0x00001cec       0x64 Src\adc.o
 .debug_frame   0x00001d50       0x30 Src\gpio.o
 .debug_frame   0x00001d80       0x54 Src\main.o
 .debug_frame   0x00001dd4       0x2c Src\stm32f0xx_hal_msp.o
 .debug_frame   0x00001e00       0xb0 Src\stm32f0xx_it.o
 .debug_frame   0x00001eb0       0x3c Src\system_stm32f0xx.o
 .debug_frame   0x00001eec       0xa0 Src\tim.o
 .debug_frame   0x00001f8c       0x5c Src\usart.o
 .debug_frame   0x00001fe8       0x2c c:/program files (x86)/atollic/truestudio for stm32 9.0.0/armtools/bin/../lib/gcc/arm-atollic-eabi/6.3.1/../../../../arm-atollic-eabi/lib/armv6-m\libc_nano.a(lib_a-init.o)
 .debug_frame   0x00002014       0x28 c:/program files (x86)/atollic/truestudio for stm32 9.0.0/armtools/bin/../lib/gcc/arm-atollic-eabi/6.3.1/../../../../arm-atollic-eabi/lib/armv6-m\libc_nano.a(lib_a-memcpy-stub.o)
 .debug_frame   0x0000203c       0x20 c:/program files (x86)/atollic/truestudio for stm32 9.0.0/armtools/bin/../lib/gcc/arm-atollic-eabi/6.3.1/armv6-m\libgcc.a(_udivsi3.o)

.debug_loc      0x00000000     0x806c
 .debug_loc     0x00000000       0x21 01_BSP\Src\bsp_communication.o
 .debug_loc     0x00000021      0x21f 01_BSP\Src\bsp_pwm.o
 .debug_loc     0x00000240       0x7c Drivers\STM32F0xx_HAL_Driver\Src\stm32f0xx_hal.o
 .debug_loc     0x000002bc      0xaad Drivers\STM32F0xx_HAL_Driver\Src\stm32f0xx_hal_adc.o
 .debug_loc     0x00000d69      0x3cc Drivers\STM32F0xx_HAL_Driver\Src\stm32f0xx_hal_cortex.o
 .debug_loc     0x00001135      0x7ca Drivers\STM32F0xx_HAL_Driver\Src\stm32f0xx_hal_dma.o
 .debug_loc     0x000018ff      0x307 Drivers\STM32F0xx_HAL_Driver\Src\stm32f0xx_hal_gpio.o
 .debug_loc     0x00001c06      0x493 Drivers\STM32F0xx_HAL_Driver\Src\stm32f0xx_hal_rcc.o
 .debug_loc     0x00002099      0x26f Drivers\STM32F0xx_HAL_Driver\Src\stm32f0xx_hal_rcc_ex.o
 .debug_loc     0x00002308     0x3b44 Drivers\STM32F0xx_HAL_Driver\Src\stm32f0xx_hal_tim.o
 .debug_loc     0x00005e4c      0xb81 Drivers\STM32F0xx_HAL_Driver\Src\stm32f0xx_hal_tim_ex.o
 .debug_loc     0x000069cd     0x1433 Drivers\STM32F0xx_HAL_Driver\Src\stm32f0xx_hal_uart.o
 .debug_loc     0x00007e00       0x42 Src\adc.o
 .debug_loc     0x00007e42      0x127 Src\system_stm32f0xx.o
 .debug_loc     0x00007f69       0xc1 Src\tim.o
 .debug_loc     0x0000802a       0x42 Src\usart.o
