Archive member included to satisfy reference by file (symbol)

c:/program files (x86)/atollic/truestudio for stm32 9.0.0/armtools/bin/../lib/gcc/arm-atollic-eabi/6.3.1/../../../../arm-atollic-eabi/lib/armv6-m\libc_nano.a(lib_a-init.o)
                              startup\startup_stm32f030x8.o (__libc_init_array)
c:/program files (x86)/atollic/truestudio for stm32 9.0.0/armtools/bin/../lib/gcc/arm-atollic-eabi/6.3.1/../../../../arm-atollic-eabi/lib/armv6-m\libc_nano.a(lib_a-memcpy-stub.o)
                              Drivers\STM32F0xx_HAL_Driver\Src\stm32f0xx_hal_rcc.o (memcpy)
c:/program files (x86)/atollic/truestudio for stm32 9.0.0/armtools/bin/../lib/gcc/arm-atollic-eabi/6.3.1/../../../../arm-atollic-eabi/lib/armv6-m\libc_nano.a(lib_a-memset.o)
                              Src\adc.o (memset)
c:/program files (x86)/atollic/truestudio for stm32 9.0.0/armtools/bin/../lib/gcc/arm-atollic-eabi/6.3.1/armv6-m\libgcc.a(_thumb1_case_sqi.o)
                              Drivers\STM32F0xx_HAL_Driver\Src\stm32f0xx_hal_uart.o (__gnu_thumb1_case_sqi)
c:/program files (x86)/atollic/truestudio for stm32 9.0.0/armtools/bin/../lib/gcc/arm-atollic-eabi/6.3.1/armv6-m\libgcc.a(_thumb1_case_uqi.o)
                              Drivers\STM32F0xx_HAL_Driver\Src\stm32f0xx_hal_dma.o (__gnu_thumb1_case_uqi)
c:/program files (x86)/atollic/truestudio for stm32 9.0.0/armtools/bin/../lib/gcc/arm-atollic-eabi/6.3.1/armv6-m\libgcc.a(_udivsi3.o)
                              Drivers\STM32F0xx_HAL_Driver\Src\stm32f0xx_hal.o (__aeabi_uidiv)
c:/program files (x86)/atollic/truestudio for stm32 9.0.0/armtools/bin/../lib/gcc/arm-atollic-eabi/6.3.1/armv6-m\libgcc.a(_dvmd_tls.o)
                              c:/program files (x86)/atollic/truestudio for stm32 9.0.0/armtools/bin/../lib/gcc/arm-atollic-eabi/6.3.1/armv6-m\libgcc.a(_udivsi3.o) (__aeabi_idiv0)
c:/program files (x86)/atollic/truestudio for stm32 9.0.0/armtools/bin/../lib/gcc/arm-atollic-eabi/6.3.1/armv6-m\libgcc.a(_lshrdi3.o)
                              Drivers\STM32F0xx_HAL_Driver\Src\stm32f0xx_hal_flash.o (__aeabi_llsr)
c:/program files (x86)/atollic/truestudio for stm32 9.0.0/armtools/bin/../lib/gcc/arm-atollic-eabi/6.3.1/armv6-m\libgcc.a(_arm_cmpsf2.o)
                              01_BSP\Src\bsp_pwm.o (__aeabi_fcmplt)
c:/program files (x86)/atollic/truestudio for stm32 9.0.0/armtools/bin/../lib/gcc/arm-atollic-eabi/6.3.1/armv6-m\libgcc.a(addsf3.o)
                              01_BSP\Src\bsp_pwm.o (__aeabi_fadd)
c:/program files (x86)/atollic/truestudio for stm32 9.0.0/armtools/bin/../lib/gcc/arm-atollic-eabi/6.3.1/armv6-m\libgcc.a(divsf3.o)
                              00_App\Src\app_commands.o (__aeabi_fdiv)
c:/program files (x86)/atollic/truestudio for stm32 9.0.0/armtools/bin/../lib/gcc/arm-atollic-eabi/6.3.1/armv6-m\libgcc.a(eqsf2.o)
                              c:/program files (x86)/atollic/truestudio for stm32 9.0.0/armtools/bin/../lib/gcc/arm-atollic-eabi/6.3.1/armv6-m\libgcc.a(_arm_cmpsf2.o) (__eqsf2)
c:/program files (x86)/atollic/truestudio for stm32 9.0.0/armtools/bin/../lib/gcc/arm-atollic-eabi/6.3.1/armv6-m\libgcc.a(gesf2.o)
                              c:/program files (x86)/atollic/truestudio for stm32 9.0.0/armtools/bin/../lib/gcc/arm-atollic-eabi/6.3.1/armv6-m\libgcc.a(_arm_cmpsf2.o) (__gesf2)
c:/program files (x86)/atollic/truestudio for stm32 9.0.0/armtools/bin/../lib/gcc/arm-atollic-eabi/6.3.1/armv6-m\libgcc.a(lesf2.o)
                              c:/program files (x86)/atollic/truestudio for stm32 9.0.0/armtools/bin/../lib/gcc/arm-atollic-eabi/6.3.1/armv6-m\libgcc.a(_arm_cmpsf2.o) (__lesf2)
c:/program files (x86)/atollic/truestudio for stm32 9.0.0/armtools/bin/../lib/gcc/arm-atollic-eabi/6.3.1/armv6-m\libgcc.a(mulsf3.o)
                              01_BSP\Src\bsp_pwm.o (__aeabi_fmul)
c:/program files (x86)/atollic/truestudio for stm32 9.0.0/armtools/bin/../lib/gcc/arm-atollic-eabi/6.3.1/armv6-m\libgcc.a(subsf3.o)
                              01_BSP\Src\bsp_pwm.o (__aeabi_fsub)
c:/program files (x86)/atollic/truestudio for stm32 9.0.0/armtools/bin/../lib/gcc/arm-atollic-eabi/6.3.1/armv6-m\libgcc.a(fixsfsi.o)
                              01_BSP\Src\bsp_pwm.o (__aeabi_f2iz)
c:/program files (x86)/atollic/truestudio for stm32 9.0.0/armtools/bin/../lib/gcc/arm-atollic-eabi/6.3.1/armv6-m\libgcc.a(floatsisf.o)
                              01_BSP\Src\bsp_measurements.o (__aeabi_i2f)
c:/program files (x86)/atollic/truestudio for stm32 9.0.0/armtools/bin/../lib/gcc/arm-atollic-eabi/6.3.1/armv6-m\libgcc.a(adddf3.o)
                              00_App\Src\app_commands.o (__aeabi_dadd)
c:/program files (x86)/atollic/truestudio for stm32 9.0.0/armtools/bin/../lib/gcc/arm-atollic-eabi/6.3.1/armv6-m\libgcc.a(muldf3.o)
                              01_BSP\Src\bsp_measurements.o (__aeabi_dmul)
c:/program files (x86)/atollic/truestudio for stm32 9.0.0/armtools/bin/../lib/gcc/arm-atollic-eabi/6.3.1/armv6-m\libgcc.a(floatsidf.o)
[...]
Memory Configuration

Name             Origin             Length             Attributes
RAM              0x20000000         0x00002000         xrw
FLASH            0x08000000         0x00010000         xr
*default*        0x00000000         0xffffffff

Linker script and memory map

LOAD c:/program files (x86)/atollic/truestudio for stm32 9.0.0/armtools/bin/../lib/gcc/arm-atollic-eabi/6.3.1/armv6-m/crti.o
LOAD c:/program files (x86)/atollic/truestudio for stm32 9.0.0/armtools/bin/../lib/gcc/arm-atollic-eabi/6.3.1/armv6-m/crtbegin.o
LOAD 00_App\Src\app_application.o
LOAD 00_App\Src\app_commands.o
LOAD 00_App\Src\app_current_controller.o
LOAD 00_App\Src\app_init.o
LOAD 00_App\Src\app_measurements_evaluation.o
LOAD 01_BSP\Src\bsp_communication.o
LOAD 01_BSP\Src\bsp_emergency_stop.o
LOAD 01_BSP\Src\bsp_leds.o
LOAD 01_BSP\Src\bsp_measurements.o
LOAD 01_BSP\Src\bsp_pwm.o
LOAD Drivers\STM32F0xx_HAL_Driver\Src\stm32f0xx_hal.o
LOAD Drivers\STM32F0xx_HAL_Driver\Src\stm32f0xx_hal_adc.o
LOAD Drivers\STM32F0xx_HAL_Driver\Src\stm32f0xx_hal_adc_ex.o
LOAD Drivers\STM32F0xx_HAL_Driver\Src\stm32f0xx_hal_cortex.o
LOAD Drivers\STM32F0xx_HAL_Driver\Src\stm32f0xx_hal_dma.o
LOAD Drivers\STM32F0xx_HAL_Driver\Src\stm32f0xx_hal_flash.o
LOAD Drivers\STM32F0xx_HAL_Driver\Src\stm32f0xx_hal_flash_ex.o
LOAD Drivers\STM32F0xx_HAL_Driver\Src\stm32f0xx_hal_gpio.o
LOAD Drivers\STM32F0xx_HAL_Driver\Src\stm32f0xx_hal_i2c.o
LOAD Drivers\STM32F0xx_HAL_Driver\Src\stm32f0xx_hal_i2c_ex.o
LOAD Drivers\STM32F0xx_HAL_Driver\Src\stm32f0xx_hal_pwr.o
LOAD Drivers\STM32F0xx_HAL_Driver\Src\stm32f0xx_hal_pwr_ex.o
LOAD Drivers\STM32F0xx_HAL_Driver\Src\stm32f0xx_hal_rcc.o
LOAD Drivers\STM32F0xx_HAL_Driver\Src\stm32f0xx_hal_rcc_ex.o
LOAD Drivers\STM32F0xx_HAL_Driver\Src\stm32f0xx_hal_tim.o
LOAD Drivers\STM32F0xx_HAL_Driver\Src\stm32f0xx_hal_tim_ex.o
LOAD Drivers\STM32F0xx_HAL_Driver\Src\stm32f0xx_hal_uart.o
LOAD Drivers\STM32F0xx_HAL_Driver\Src\stm32f0xx_hal_uart_ex.o
LOAD Src\adc.o
LOAD Src\gpio.o
LOAD Src\main.o
LOAD Src\stm32f0xx_hal_msp.o
LOAD Src\stm32f0xx_it.o
LOAD Src\system_stm32f0xx.o
LOAD Src\tim.o
LOAD Src\usart.o
LOAD startup\startup_stm32f030x8.o
                0x00000080                malloc_getpagesize_P = 0x80
START GROUP
LOAD c:/program files (x86)/atollic/truestudio for stm32 9.0.0/armtools/bin/../lib/gcc/arm-atollic-eabi/6.3.1/../../../../arm-atollic-eabi/lib/armv6-m\libc_nano.a
LOAD c:/program files (x86)/atollic/truestudio for stm32 9.0.0/armtools/bin/../lib/gcc/arm-atollic-eabi/6.3.1/../../../../arm-atollic-eabi/lib/armv6-m\libm.a
END GROUP
START GROUP
LOAD c:/program files (x86)/atollic/truestudio for stm32 9.0.0/armtools/bin/../lib/gcc/arm-atollic-eabi/6.3.1/armv6-m\libgcc.a
LOAD c:/program files (x86)/atollic/truestudio for stm32 9.0.0/armtools/bin/../lib/gcc/arm-atollic-eabi/6.3.1/../../../../arm-atollic-eabi/lib/armv6-m\libc_nano.a
END GROUP
START GROUP
LOAD c:/program files (x86)/atollic/truestudio for stm32 9.0.0/armtools/bin/../lib/gcc/arm-atollic-eabi/6.3.1/armv6-m\libgcc.a
LOAD c:/program files (x86)/atollic/truestudio for stm32 9.0.0/armtools/bin/../lib/gcc/arm-atollic-eabi/6.3.1/../../../../arm-atollic-eabi/lib/armv6-m\libc_nano.a
LOAD c:/program files (x86)/atollic/truestudio for stm32 9.0.0/armtools/bin/../lib/gcc/arm-atollic-eabi/6.3.1/../../../../arm-atollic-eabi/lib/armv6-m\libnosys.a
END GROUP
START GROUP
LOAD c:/program files (x86)/atollic/truestudio for stm32 9.0.0/armtools/bin/../lib/gcc/arm-atollic-eabi/6.3.1/armv6-m\libgcc.a
LOAD c:/program files (x86)/atollic/truestudio for stm32 9.0.0/armtools/bin/../lib/gcc/arm-atollic-eabi/6.3.1/../../../../arm-atollic-eabi/lib/armv6-m\libc_nano.a
LOAD c:/program files (x86)/atollic/truestudio for stm32 9.0.0/armtools/bin/../lib/gcc/arm-atollic-eabi/6.3.1/../../../../arm-atollic-eabi/lib/armv6-m\libnosys.a
END GROUP
LOAD c:/program files (x86)/atollic/truestudio for stm32 9.0.0/armtools/bin/../lib/gcc/arm-atollic-eabi/6.3.1/armv6-m/crtend.o
LOAD c:/program files (x86)/atollic/truestudio for stm32 9.0.0/armtools/bin/../lib/gcc/arm-atollic-eabi/6.3.1/armv6-m/crtn.o
                0x20002000                _estack = 0x20002000
                0x00000200                _Min_Heap_Size = 0x200
                0x00000400                _Min_Stack_Size = 0x400

.isr_vector     0x08000000       0xc0
                0x08000000                . = ALIGN (0x4)
 *(.isr_vector)
 .isr_vector    0x08000000       0xc0 startup\startup_stm32f030x8.o
                0x08000000                g_pfnVectors
                0x080000c0                . = ALIGN (0x4)

.text           0x080000c0     0x3b8c
                0x080000c0                . = ALIGN (0x4)
 *(.text)
 .text          0x080000c0       0x48 c:/program files (x86)/atollic/truestudio for stm32 9.0.0/armtools/bin/../lib/gcc/arm-atollic-eabi/6.3.1/armv6-m/crtbegin.o
 .text          0x08000108       0x14 c:/program files (x86)/atollic/truestudio for stm32 9.0.0/armtools/bin/../lib/gcc/arm-atollic-eabi/6.3.1/armv6-m\libgcc.a(_thumb1_case_sqi.o)
                0x08000108                __gnu_thumb1_case_sqi
 .text          0x0800011c       0x14 c:/program files (x86)/atollic/truestudio for stm32 9.0.0/armtools/bin/../lib/gcc/arm-atollic-eabi/6.3.1/armv6-m\libgcc.a(_thumb1_case_uqi.o)
                0x0800011c                __gnu_thumb1_case_uqi
 .text          0x08000130      0x114 c:/program files (x86)/atollic/truestudio for stm32 9.0.0/armtools/bin/../lib/gcc/arm-atollic-eabi/6.3.1/armv6-m\libgcc.a(_udivsi3.o)
                0x08000130                __aeabi_uidiv
                0x08000130                __udivsi3
                0x0800023c                __aeabi_uidivmod
 .text          0x08000244        0x4 c:/program files (x86)/atollic/truestudio for stm32 9.0.0/armtools/bin/../lib/gcc/arm-atollic-eabi/6.3.1/armv6-m\libgcc.a(_dvmd_tls.o)
                0x08000244                __aeabi_idiv0
                0x08000244                __aeabi_ldiv0
 .text          0x08000248       0x74 c:/program files (x86)/atollic/truestudio for stm32 9.0.0/armtools/bin/../lib/gcc/arm-atollic-eabi/6.3.1/armv6-m\libgcc.a(_arm_cmpsf2.o)
                0x08000248                __aeabi_cfrcmple
                0x08000250                __aeabi_cfcmpeq
                0x08000250                __aeabi_cfcmple
                0x08000260                __aeabi_fcmpeq
                0x0800026c                __aeabi_fcmplt
                0x08000280                __aeabi_fcmple
                0x08000294                __aeabi_fcmpgt
                0x080002a8                __aeabi_fcmpge
 .text          0x080002bc      0x324 c:/program files (x86)/atollic/truestudio for stm32 9.0.0/armtools/bin/../lib/gcc/arm-atollic-eabi/6.3.1/armv6-m\libgcc.a(addsf3.o)
                0x080002bc                __aeabi_fadd
 .text          0x080005e0      0x290 c:/program files (x86)/atollic/truestudio for stm32 9.0.0/armtools/bin/../lib/gcc/arm-atollic-eabi/6.3.1/armv6-m\libgcc.a(divsf3.o)
                0x080005e0                __aeabi_fdiv
 .text          0x08000870       0x4c c:/program files (x86)/atollic/truestudio for stm32 9.0.0/armtools/bin/../lib/gcc/arm-atollic-eabi/6.3.1/armv6-m\libgcc.a(eqsf2.o)
                0x08000870                __eqsf2
                0x08000870                __nesf2
 .text          0x080008bc       0x80 c:/program files (x86)/atollic/truestudio for stm32 9.0.0/armtools/bin/../lib/gcc/arm-atollic-eabi/6.3.1/armv6-m\libgcc.a(gesf2.o)
                0x080008bc                __gesf2
                0x080008bc                __gtsf2
 .text          0x0800093c       0x84 c:/program files (x86)/atollic/truestudio for stm32 9.0.0/armtools/bin/../lib/gcc/arm-atollic-eabi/6.3.1/armv6-m\libgcc.a(lesf2.o)
                0x0800093c                __ltsf2
                0x0800093c                __lesf2
 .text          0x080009c0      0x240 c:/program files (x86)/atollic/truestudio for stm32 9.0.0/armtools/bin/../lib/gcc/arm-atollic-eabi/6.3.1/armv6-m\libgcc.a(mulsf3.o)
                0x080009c0                __aeabi_fmul
 .text          0x08000c00      0x338 c:/program files (x86)/atollic/truestudio for stm32 9.0.0/armtools/bin/../lib/gcc/arm-atollic-eabi/6.3.1/armv6-m\libgcc.a(subsf3.o)
                0x08000c00                __aeabi_fsub
 .text          0x08000f38       0x40 c:/program files (x86)/atollic/truestudio for stm32 9.0.0/armtools/bin/../lib/gcc/arm-atollic-eabi/6.3.1/armv6-m\libgcc.a(fixsfsi.o)
                0x08000f38                __aeabi_f2iz
 .text          0x08000f78      0x620 c:/program files (x86)/atollic/truestudio for stm32 9.0.0/armtools/bin/../lib/gcc/arm-atollic-eabi/6.3.1/armv6-m\libgcc.a(adddf3.o)
                0x08000f78                __aeabi_dadd
 .text          0x08001598       0x84 c:/program files (x86)/atollic/truestudio for stm32 9.0.0/armtools/bin/../lib/gcc/arm-atollic-eabi/6.3.1/armv6-m\libgcc.a(floatsidf.o)
                0x08001598                __aeabi_i2d
 .text          0x0800161c      0x114 c:/program files (x86)/atollic/truestudio for stm32 9.0.0/armtools/bin/../lib/gcc/arm-atollic-eabi/6.3.1/armv6-m\libgcc.a(truncdfsf2.o)
                0x0800161c                __aeabi_d2f
 .text          0x08001730       0x3c c:/program files (x86)/atollic/truestudio for stm32 9.0.0/armtools/bin/../lib/gcc/arm-atollic-eabi/6.3.1/armv6-m\libgcc.a(_clzsi2.o)
                0x08001730                __clzsi2
 *(.text*)
 .text.APP_Init
                0x0800176c       0x14 00_App\Src\app_init.o
                0x0800176c                APP_Init
 .text.BSP_InitUART
                0x08001780       0x20 01_BSP\Src\bsp_communication.o
                0x08001780                BSP_InitUART
 .text.HAL_UART_RxCpltCallback
                0x080017a0       0xd4 01_BSP\Src\bsp_communication.o
                0x080017a0                HAL_UART_RxCpltCallback
 .text.BSP_emergency_stop_init
                0x08001874       0x10 01_BSP\Src\bsp_emergency_stop.o
                0x08001874                BSP_emergency_stop_init
 .text.HAL_TIM_PeriodElapsedCallback
                0x08001884       0x1c 01_BSP\Src\bsp_emergency_stop.o
                0x08001884                HAL_TIM_PeriodElapsedCallback
 .text.BSP_emergency_stop_reset_timer
                0x080018a0       0x10 01_BSP\Src\bsp_emergency_stop.o
                0x080018a0                BSP_emergency_stop_reset_timer
 .text.BSP_SetLEDBurstOFF5V
                0x080018b0       0x10 01_BSP\Src\bsp_leds.o
                0x080018b0                BSP_SetLEDBurstOFF5V
 .text.BSP_SetLEDBurtsOFF6V
                0x080018c0       0x10 01_BSP\Src\bsp_leds.o
                0x080018c0                BSP_SetLEDBurtsOFF6V
 .text.BSP_SetLEDHeartbeat
                0x080018d0       0x20 01_BSP\Src\bsp_leds.o
                0x080018d0                BSP_SetLEDHeartbeat
 .text.BSP_SetLEDHeartbeatBlinkingDutyCyle
                0x080018f0       0x20 01_BSP\Src\bsp_leds.o
                0x080018f0                BSP_SetLEDHeartbeatBlinkingDutyCyle
 .text.BSP_SetLEDOrange
                0x08001910       0x20 01_BSP\Src\bsp_leds.o
                0x08001910                BSP_SetLEDOrange
 .text.BSP_SetLEDOrangeBlinkingDutyCyle
                0x08001930       0x20 01_BSP\Src\bsp_leds.o
                0x08001930                BSP_SetLEDOrangeBlinkingDutyCyle
 .text.BSP_SetLEDFault
                0x08001950       0x14 01_BSP\Src\bsp_leds.o
                0x08001950                BSP_SetLEDFault
 .text.BSP_LEDStart
                0x08001964       0x18 01_BSP\Src\bsp_leds.o
                0x08001964                BSP_LEDStart
 .text.BSP_PWMStart
                0x0800197c       0x28 01_BSP\Src\bsp_pwm.o
                0x0800197c                BSP_PWMStart
 .text.BSP_CreateDutyCycle
                0x080019a4       0x6c 01_BSP\Src\bsp_pwm.o
                0x080019a4                BSP_CreateDutyCycle
 .text.BSP_CreateCompareValue
                0x08001a10       0x5c 01_BSP\Src\bsp_pwm.o
                0x08001a10                BSP_CreateCompareValue
 .text.BSP_PWMSetCompareRegisters
                0x08001a6c       0x68 01_BSP\Src\bsp_pwm.o
                0x08001a6c                BSP_PWMSetCompareRegisters
 .text.BSP_SetDutyCycle
                0x08001ad4       0x5c 01_BSP\Src\bsp_pwm.o
                0x08001ad4                BSP_SetDutyCycle
 .text.HAL_InitTick
                0x08001b30       0x24 Drivers\STM32F0xx_HAL_Driver\Src\stm32f0xx_hal.o
                0x08001b30                HAL_InitTick
 .text.HAL_Init
                0x08001b54       0x20 Drivers\STM32F0xx_HAL_Driver\Src\stm32f0xx_hal.o
                0x08001b54                HAL_Init
 .text.HAL_IncTick
                0x08001b74       0x10 Drivers\STM32F0xx_HAL_Driver\Src\stm32f0xx_hal.o
                0x08001b74                HAL_IncTick
 .text.HAL_GetTick
                0x08001b84        0xc Drivers\STM32F0xx_HAL_Driver\Src\stm32f0xx_hal.o
                0x08001b84                HAL_GetTick
 .text.HAL_ADC_Init
                0x08001b90      0x14c Drivers\STM32F0xx_HAL_Driver\Src\stm32f0xx_hal_adc.o
                0x08001b90                HAL_ADC_Init
 .text.HAL_ADC_ConvCpltCallback
                0x08001cdc        0x2 Drivers\STM32F0xx_HAL_Driver\Src\stm32f0xx_hal_adc.o
                0x08001cdc                HAL_ADC_ConvCpltCallback
 .text.HAL_ADC_LevelOutOfWindowCallback
                0x08001cde        0x2 Drivers\STM32F0xx_HAL_Driver\Src\stm32f0xx_hal_adc.o
                0x08001cde                HAL_ADC_LevelOutOfWindowCallback
 .text.HAL_ADC_ErrorCallback
                0x08001ce0        0x2 Drivers\STM32F0xx_HAL_Driver\Src\stm32f0xx_hal_adc.o
                0x08001ce0                HAL_ADC_ErrorCallback
 *fill*         0x08001ce2        0x2 
 .text.HAL_ADC_IRQHandler
                0x08001ce4       0xe0 Drivers\STM32F0xx_HAL_Driver\Src\stm32f0xx_hal_adc.o
                0x08001ce4                HAL_ADC_IRQHandler
 .text.HAL_ADC_ConfigChannel
                0x08001dc4       0xec Drivers\STM32F0xx_HAL_Driver\Src\stm32f0xx_hal_adc.o
                0x08001dc4                HAL_ADC_ConfigChannel
 .text.HAL_NVIC_SetPriority
                0x08001eb0       0x60 Drivers\STM32F0xx_HAL_Driver\Src\stm32f0xx_hal_cortex.o
                0x08001eb0                HAL_NVIC_SetPriority
 .text.HAL_NVIC_EnableIRQ
                0x08001f10       0x14 Drivers\STM32F0xx_HAL_Driver\Src\stm32f0xx_hal_cortex.o
                0x08001f10                HAL_NVIC_EnableIRQ
 .text.HAL_SYSTICK_Config
                0x08001f24       0x34 Drivers\STM32F0xx_HAL_Driver\Src\stm32f0xx_hal_cortex.o
                0x08001f24                HAL_SYSTICK_Config
 .text.HAL_DMA_Abort_IT
                0x08001f58       0x46 Drivers\STM32F0xx_HAL_Driver\Src\stm32f0xx_hal_dma.o
                0x08001f58                HAL_DMA_Abort_IT
 *fill*         0x08001f9e        0x2 
 .text.HAL_GPIO_Init
                0x08001fa0      0x160 Drivers\STM32F0xx_HAL_Driver\Src\stm32f0xx_hal_gpio.o
                0x08001fa0                HAL_GPIO_Init
 .text.HAL_GPIO_WritePin
                0x08002100        0xc Drivers\STM32F0xx_HAL_Driver\Src\stm32f0xx_hal_gpio.o
                0x08002100                HAL_GPIO_WritePin
 .text.HAL_RCC_OscConfig
                0x0800210c      0x3c4 Drivers\STM32F0xx_HAL_Driver\Src\stm32f0xx_hal_rcc.o
                0x0800210c                HAL_RCC_OscConfig
 .text.HAL_RCC_GetSysClockFreq
                0x080024d0       0x64 Drivers\STM32F0xx_HAL_Driver\Src\stm32f0xx_hal_rcc.o
                0x080024d0                HAL_RCC_GetSysClockFreq
 .text.HAL_RCC_ClockConfig
                0x08002534      0x12c Drivers\STM32F0xx_HAL_Driver\Src\stm32f0xx_hal_rcc.o
                0x08002534                HAL_RCC_ClockConfig
 .text.HAL_RCC_GetHCLKFreq
                0x08002660        0xc Drivers\STM32F0xx_HAL_Driver\Src\stm32f0xx_hal_rcc.o
                0x08002660                HAL_RCC_GetHCLKFreq
 .text.HAL_RCC_GetPCLK1Freq
                0x0800266c       0x20 Drivers\STM32F0xx_HAL_Driver\Src\stm32f0xx_hal_rcc.o
                0x0800266c                HAL_RCC_GetPCLK1Freq
 .text.HAL_RCCEx_PeriphCLKConfig
                0x0800268c      0x108 Drivers\STM32F0xx_HAL_Driver\Src\stm32f0xx_hal_rcc_ex.o
                0x0800268c                HAL_RCCEx_PeriphCLKConfig
 .text.TIM_OC1_SetConfig
                0x08002794       0x88 Drivers\STM32F0xx_HAL_Driver\Src\stm32f0xx_hal_tim.o
 .text.TIM_OC3_SetConfig
                0x0800281c       0x88 Drivers\STM32F0xx_HAL_Driver\Src\stm32f0xx_hal_tim.o
 .text.TIM_OC4_SetConfig
                0x080028a4       0x74 Drivers\STM32F0xx_HAL_Driver\Src\stm32f0xx_hal_tim.o
 .text.HAL_TIM_Base_Start
                0x08002918       0x18 Drivers\STM32F0xx_HAL_Driver\Src\stm32f0xx_hal_tim.o
                0x08002918                HAL_TIM_Base_Start
 .text.HAL_TIM_Base_Start_IT
                0x08002930       0x14 Drivers\STM32F0xx_HAL_Driver\Src\stm32f0xx_hal_tim.o
                0x08002930                HAL_TIM_Base_Start_IT
 .text.HAL_TIM_OC_DelayElapsedCallback
                0x08002944        0x2 Drivers\STM32F0xx_HAL_Driver\Src\stm32f0xx_hal_tim.o
                0x08002944                HAL_TIM_OC_DelayElapsedCallback
 .text.HAL_TIM_IC_CaptureCallback
                0x08002946        0x2 Drivers\STM32F0xx_HAL_Driver\Src\stm32f0xx_hal_tim.o
                0x08002946                HAL_TIM_IC_CaptureCallback
 .text.HAL_TIM_PWM_PulseFinishedCallback
                0x08002948        0x2 Drivers\STM32F0xx_HAL_Driver\Src\stm32f0xx_hal_tim.o
                0x08002948                HAL_TIM_PWM_PulseFinishedCallback
 .text.HAL_TIM_TriggerCallback
                0x0800294a        0x2 Drivers\STM32F0xx_HAL_Driver\Src\stm32f0xx_hal_tim.o
                0x0800294a                HAL_TIM_TriggerCallback
 .text.HAL_TIM_IRQHandler
                0x0800294c      0x148 Drivers\STM32F0xx_HAL_Driver\Src\stm32f0xx_hal_tim.o
                0x0800294c                HAL_TIM_IRQHandler
 .text.TIM_Base_SetConfig
                0x08002a94       0x90 Drivers\STM32F0xx_HAL_Driver\Src\stm32f0xx_hal_tim.o
                0x08002a94                TIM_Base_SetConfig
 .text.HAL_TIM_Base_Init
                0x08002b24       0x36 Drivers\STM32F0xx_HAL_Driver\Src\stm32f0xx_hal_tim.o
                0x08002b24                HAL_TIM_Base_Init
 .text.HAL_TIM_PWM_Init
                0x08002b5a       0x36 Drivers\STM32F0xx_HAL_Driver\Src\stm32f0xx_hal_tim.o
                0x08002b5a                HAL_TIM_PWM_Init
 .text.TIM_OC2_SetConfig
                0x08002b90       0x80 Drivers\STM32F0xx_HAL_Driver\Src\stm32f0xx_hal_tim.o
                0x08002b90                TIM_OC2_SetConfig
 .text.HAL_TIM_PWM_ConfigChannel
                0x08002c10       0xd4 Drivers\STM32F0xx_HAL_Driver\Src\stm32f0xx_hal_tim.o
                0x08002c10                HAL_TIM_PWM_ConfigChannel
 .text.TIM_CCxChannelCmd
                0x08002ce4       0x16 Drivers\STM32F0xx_HAL_Driver\Src\stm32f0xx_hal_tim.o
                0x08002ce4                TIM_CCxChannelCmd
 *fill*         0x08002cfa        0x2 
 .text.HAL_TIM_PWM_Start
                0x08002cfc       0x4c Drivers\STM32F0xx_HAL_Driver\Src\stm32f0xx_hal_tim.o
                0x08002cfc                HAL_TIM_PWM_Start
 .text.HAL_TIM_PWM_Stop
                0x08002d48       0x7c Drivers\STM32F0xx_HAL_Driver\Src\stm32f0xx_hal_tim.o
                0x08002d48                HAL_TIM_PWM_Stop
 .text.HAL_TIMEx_MasterConfigSynchronization
                0x08002dc4       0x42 Drivers\STM32F0xx_HAL_Driver\Src\stm32f0xx_hal_tim_ex.o
                0x08002dc4                HAL_TIMEx_MasterConfigSynchronization
 *fill*         0x08002e06        0x2 
 .text.HAL_TIMEx_ConfigBreakDeadTime
                0x08002e08       0x78 Drivers\STM32F0xx_HAL_Driver\Src\stm32f0xx_hal_tim_ex.o
                0x08002e08                HAL_TIMEx_ConfigBreakDeadTime
 .text.HAL_TIMEx_CommutationCallback
                0x08002e80        0x2 Drivers\STM32F0xx_HAL_Driver\Src\stm32f0xx_hal_tim_ex.o
                0x08002e80                HAL_TIMEx_CommutationCallback
 .text.HAL_TIMEx_BreakCallback
                0x08002e82        0x2 Drivers\STM32F0xx_HAL_Driver\Src\stm32f0xx_hal_tim_ex.o
                0x08002e82                HAL_TIMEx_BreakCallback
 .text.UART_EndRxTransfer
                0x08002e84       0x20 Drivers\STM32F0xx_HAL_Driver\Src\stm32f0xx_hal_uart.o
 .text.HAL_UART_Transmit_IT
                0x08002ea4       0x5c Drivers\STM32F0xx_HAL_Driver\Src\stm32f0xx_hal_uart.o
                0x08002ea4                HAL_UART_Transmit_IT
 .text.HAL_UART_Receive_IT
                0x08002f00       0x94 Drivers\STM32F0xx_HAL_Driver\Src\stm32f0xx_hal_uart.o
                0x08002f00                HAL_UART_Receive_IT
 .text.HAL_UART_TxCpltCallback
                0x08002f94        0x2 Drivers\STM32F0xx_HAL_Driver\Src\stm32f0xx_hal_uart.o
                0x08002f94                HAL_UART_TxCpltCallback
 .text.HAL_UART_ErrorCallback
                0x08002f96        0x2 Drivers\STM32F0xx_HAL_Driver\Src\stm32f0xx_hal_uart.o
                0x08002f96                HAL_UART_ErrorCallback
 .text.UART_DMAAbortOnError
                0x08002f98       0x16 Drivers\STM32F0xx_HAL_Driver\Src\stm32f0xx_hal_uart.o
 *fill*         0x08002fae        0x2 
 .text.UART_SetConfig
                0x08002fb0      0x134 Drivers\STM32F0xx_HAL_Driver\Src\stm32f0xx_hal_uart.o
                0x08002fb0                UART_SetConfig
 .text.UART_AdvFeatureConfig
                0x080030e4       0xd0 Drivers\STM32F0xx_HAL_Driver\Src\stm32f0xx_hal_uart.o
                0x080030e4                UART_AdvFeatureConfig
 .text.HAL_UART_Init
                0x080031b4       0x78 Drivers\STM32F0xx_HAL_Driver\Src\stm32f0xx_hal_uart.o
                0x080031b4                HAL_UART_Init
 .text.UART_Transmit_IT
                0x0800322c       0x64 Drivers\STM32F0xx_HAL_Driver\Src\stm32f0xx_hal_uart.o
                0x0800322c                UART_Transmit_IT
 .text.UART_EndTransmit_IT
                0x08003290       0x1c Drivers\STM32F0xx_HAL_Driver\Src\stm32f0xx_hal_uart.o
                0x08003290                UART_EndTransmit_IT
 .text.UART_Receive_IT
                0x080032ac       0x7c Drivers\STM32F0xx_HAL_Driver\Src\stm32f0xx_hal_uart.o
                0x080032ac                UART_Receive_IT
 .text.HAL_UART_IRQHandler
                0x08003328      0x118 Drivers\STM32F0xx_HAL_Driver\Src\stm32f0xx_hal_uart.o
                0x08003328                HAL_UART_IRQHandler
 .text.MX_ADC_Init
                0x08003440       0xc4 Src\adc.o
                0x08003440                MX_ADC_Init
 .text.HAL_ADC_MspInit
                0x08003504       0x6c Src\adc.o
                0x08003504                HAL_ADC_MspInit
 .text.MX_GPIO_Init
                0x08003570       0xfc Src\gpio.o
                0x08003570                MX_GPIO_Init
 .text.SystemClock_Config
                0x0800366c       0x72 Src\main.o
                0x0800366c                SystemClock_Config
 .text.startup.main
                0x080036de       0x28 Src\main.o
                0x080036de                main
 .text.Error_Handler
                0x08003706        0x2 Src\main.o
                0x08003706                Error_Handler
 .text.HAL_MspInit
                0x08003708       0x30 Src\stm32f0xx_hal_msp.o
                0x08003708                HAL_MspInit
 .text.NMI_Handler
                0x08003738        0x2 Src\stm32f0xx_it.o
                0x08003738                NMI_Handler
 .text.HardFault_Handler
                0x0800373a        0x2 Src\stm32f0xx_it.o
                0x0800373a                HardFault_Handler
 .text.SVC_Handler
                0x0800373c        0x2 Src\stm32f0xx_it.o
                0x0800373c                SVC_Handler
 .text.PendSV_Handler
                0x0800373e        0x2 Src\stm32f0xx_it.o
                0x0800373e                PendSV_Handler
 .text.SysTick_Handler
                0x08003740        0x8 Src\stm32f0xx_it.o
                0x08003740                SysTick_Handler
 .text.ADC1_IRQHandler
                0x08003748       0x10 Src\stm32f0xx_it.o
                0x08003748                ADC1_IRQHandler
 .text.TIM1_BRK_UP_TRG_COM_IRQHandler
                0x08003758       0x10 Src\stm32f0xx_it.o
                0x08003758                TIM1_BRK_UP_TRG_COM_IRQHandler
 .text.TIM6_IRQHandler
                0x08003768       0x10 Src\stm32f0xx_it.o
                0x08003768                TIM6_IRQHandler
 .text.USART1_IRQHandler
                0x08003778       0x10 Src\stm32f0xx_it.o
                0x08003778                USART1_IRQHandler
 .text.SystemInit
                0x08003788       0x60 Src\system_stm32f0xx.o
                0x08003788                SystemInit
 .text.MX_TIM6_Init
                0x080037e8       0x30 Src\tim.o
                0x080037e8                MX_TIM6_Init
 .text.HAL_TIM_PWM_MspInit
                0x08003818       0x58 Src\tim.o
                0x08003818                HAL_TIM_PWM_MspInit
 .text.HAL_TIM_Base_MspInit
                0x08003870       0x38 Src\tim.o
                0x08003870                HAL_TIM_Base_MspInit
 .text.HAL_TIM_MspPostInit
                0x080038a8       0x84 Src\tim.o
                0x080038a8                HAL_TIM_MspPostInit
 .text.MX_TIM1_Init
                0x0800392c      0x100 Src\tim.o
                0x0800392c                MX_TIM1_Init
 .text.MX_TIM3_Init
                0x08003a2c       0x9c Src\tim.o
                0x08003a2c                MX_TIM3_Init
 .text.MX_USART1_UART_Init
                0x08003ac8       0x38 Src\usart.o
                0x08003ac8                MX_USART1_UART_Init
 .text.HAL_UART_MspInit
                0x08003b00       0x74 Src\usart.o
                0x08003b00                HAL_UART_MspInit
 .text.Reset_Handler
                0x08003b74       0x50 startup\startup_stm32f030x8.o
                0x08003b74                Reset_Handler
 .text.Default_Handler
                0x08003bc4        0x2 startup\startup_stm32f030x8.o
                0x08003bc4                TIM1_CC_IRQHandler
                0x08003bc4                I2C1_IRQHandler
                0x08003bc4                SPI1_IRQHandler
                0x08003bc4                EXTI2_3_IRQHandler
                0x08003bc4                I2C2_IRQHandler
                0x08003bc4                TIM17_IRQHandler
                0x08003bc4                RTC_IRQHandler
                0x08003bc4                TIM16_IRQHandler
                0x08003bc4                TIM3_IRQHandler
                0x08003bc4                EXTI4_15_IRQHandler
                0x08003bc4                RCC_IRQHandler
                0x08003bc4                DMA1_Channel1_IRQHandler
                0x08003bc4                Default_Handler
                0x08003bc4                TIM14_IRQHandler
                0x08003bc4                DMA1_Channel4_5_IRQHandler
                0x08003bc4                TIM15_IRQHandler
                0x08003bc4                EXTI0_1_IRQHandler
                0x08003bc4                SPI2_IRQHandler
                0x08003bc4                WWDG_IRQHandler
                0x08003bc4                DMA1_Channel2_3_IRQHandler
                0x08003bc4                USART2_IRQHandler
                0x08003bc4                FLASH_IRQHandler
 *fill*         0x08003bc6        0x2 
 .text.__libc_init_array
                0x08003bc8       0x48 c:/program files (x86)/atollic/truestudio for stm32 9.0.0/armtools/bin/../lib/gcc/arm-atollic-eabi/6.3.1/../../../../arm-atollic-eabi/lib/armv6-m\libc_nano.a(lib_a-init.o)
                0x08003bc8                __libc_init_array
 .text.memcpy   0x08003c10       0x12 c:/program files (x86)/atollic/truestudio for stm32 9.0.0/armtools/bin/../lib/gcc/arm-atollic-eabi/6.3.1/../../../../arm-atollic-eabi/lib/armv6-m\libc_nano.a(lib_a-memcpy-stub.o)
                0x08003c10                memcpy
 .text.memset   0x08003c22       0x10 c:/program files (x86)/atollic/truestudio for stm32 9.0.0/armtools/bin/../lib/gcc/arm-atollic-eabi/6.3.1/../../../../arm-atollic-eabi/lib/armv6-m\libc_nano.a(lib_a-memset.o)
                0x08003c22                memset
 *(.glue_7)
 .glue_7        0x08003c32        0x0 linker stubs
 *(.glue_7t)
 .glue_7t       0x08003c32        0x0 linker stubs
 *(.eh_frame)
 *fill*         0x08003c32        0x2 
 .eh_frame      0x08003c34        0x0 c:/program files (x86)/atollic/truestudio for stm32 9.0.0/armtools/bin/../lib/gcc/arm-atollic-eabi/6.3.1/armv6-m/crtbegin.o
 *(.init)
 .init          0x08003c34        0x4 c:/program files (x86)/atollic/truestudio for stm32 9.0.0/armtools/bin/../lib/gcc/arm-atollic-eabi/6.3.1/armv6-m/crti.o
                0x08003c34                _init
 .init          0x08003c38        0x8 c:/program files (x86)/atollic/truestudio for stm32 9.0.0/armtools/bin/../lib/gcc/arm-atollic-eabi/6.3.1/armv6-m/crtn.o
 *(.fini)
 .fini          0x08003c40        0x4 c:/program files (x86)/atollic/truestudio for stm32 9.0.0/armtools/bin/../lib/gcc/arm-atollic-eabi/6.3.1/armv6-m/crti.o
                0x08003c40                _fini
 .fini          0x08003c44        0x8 c:/program files (x86)/atollic/truestudio for stm32 9.0.0/armtools/bin/../lib/gcc/arm-atollic-eabi/6.3.1/armv6-m/crtn.o
                0x08003c4c                . = ALIGN (0x4)
                0x08003c4c                _etext = .

.vfp11_veneer   0x08003c4c        0x0
 .vfp11_veneer  0x08003c4c        0x0 linker stubs

.v4_bx          0x08003c4c        0x0
 .v4_bx         0x08003c4c        0x0 linker stubs

.iplt           0x08003c4c        0x0
 .iplt          0x08003c4c        0x0 c:/program files (x86)/atollic/truestudio for stm32 9.0.0/armtools/bin/../lib/gcc/arm-atollic-eabi/6.3.1/armv6-m/crtbegin.o

.rodata         0x08003c4c       0xfc
                0x08003c4c                . = ALIGN (0x4)
 *(.rodata)
 .rodata        0x08003c4c       0x20 Drivers\STM32F0xx_HAL_Driver\Src\stm32f0xx_hal_rcc.o
 .rodata        0x08003c6c       0x80 c:/program files (x86)/atollic/truestudio for stm32 9.0.0/armtools/bin/../lib/gcc/arm-atollic-eabi/6.3.1/armv6-m\libgcc.a(divsf3.o)
 .rodata        0x08003cec       0x40 c:/program files (x86)/atollic/truestudio for stm32 9.0.0/armtools/bin/../lib/gcc/arm-atollic-eabi/6.3.1/armv6-m\libgcc.a(mulsf3.o)
 *(.rodata*)
 .rodata.CSWTCH.50
                0x08003d2c        0x4 Drivers\STM32F0xx_HAL_Driver\Src\stm32f0xx_hal_uart.o
 .rodata.AHBPrescTable
                0x08003d30       0x10 Src\system_stm32f0xx.o
                0x08003d30                AHBPrescTable
 .rodata.APBPrescTable
                0x08003d40        0x8 Src\system_stm32f0xx.o
                0x08003d40                APBPrescTable
                0x08003d48                . = ALIGN (0x4)

.rel.dyn        0x08003d48        0x0
 .rel.iplt      0x08003d48        0x0 c:/program files (x86)/atollic/truestudio for stm32 9.0.0/armtools/bin/../lib/gcc/arm-atollic-eabi/6.3.1/armv6-m/crtbegin.o

.ARM.extab
 *(.ARM.extab* .gnu.linkonce.armextab.*)

.ARM            0x08003d48        0x0
                0x08003d48                __exidx_start = .
 *(.ARM.exidx*)
                0x08003d48                __exidx_end = .

.preinit_array  0x08003d48        0x0
                0x08003d48                PROVIDE (__preinit_array_start, .)
 *(.preinit_array*)
                0x08003d48                PROVIDE (__preinit_array_end, .)

.init_array     0x08003d48        0x4
                0x08003d48                PROVIDE (__init_array_start, .)
 *(SORT(.init_array.*))
 *(.init_array*)
 .init_array    0x08003d48        0x4 c:/program files (x86)/atollic/truestudio for stm32 9.0.0/armtools/bin/../lib/gcc/arm-atollic-eabi/6.3.1/armv6-m/crtbegin.o
                0x08003d4c                PROVIDE (__init_array_end, .)

.fini_array     0x08003d4c        0x4
                [!provide]                PROVIDE (__fini_array_start, .)
 *(SORT(.fini_array.*))
 *(.fini_array*)
 .fini_array    0x08003d4c        0x4 c:/program files (x86)/atollic/truestudio for stm32 9.0.0/armtools/bin/../lib/gcc/arm-atollic-eabi/6.3.1/armv6-m/crtbegin.o
                [!provide]                PROVIDE (__fini_array_end, .)
                0x08003d50                _sidata = LOADADDR (.data)

.data           0x20000000        0xc load address 0x08003d50
                0x20000000                . = ALIGN (0x4)
                0x20000000                _sdata = .
 *(.data)
 *(.data*)
 .data.response
                0x20000000        0x8 01_BSP\Src\bsp_communication.o
                0x20000000                response
 .data.SystemCoreClock
                0x20000008        0x4 Src\system_stm32f0xx.o
                0x20000008                SystemCoreClock
                0x2000000c                . = ALIGN (0x4)
                0x2000000c                _edata = .

.igot.plt       0x2000000c        0x0 load address 0x08003d5c
 .igot.plt      0x2000000c        0x0 c:/program files (x86)/atollic/truestudio for stm32 9.0.0/armtools/bin/../lib/gcc/arm-atollic-eabi/6.3.1/armv6-m/crtbegin.o
                0x2000000c                . = ALIGN (0x4)

.bss            0x2000000c      0x1f0 load address 0x08003d5c
                0x2000000c                _sbss = .
                0x2000000c                __bss_start__ = _sbss
 *(.bss)
 .bss           0x2000000c       0x1c c:/program files (x86)/atollic/truestudio for stm32 9.0.0/armtools/bin/../lib/gcc/arm-atollic-eabi/6.3.1/armv6-m/crtbegin.o
 *(.bss*)
 *(COMMON)
 COMMON         0x20000028       0x1c 00_App\Src\app_application.o
                0x20000028                ConvertedDutyCycle
                0x2000002c                DutyCycleFromUART
 COMMON         0x20000044        0x1 00_App\Src\app_current_controller.o
                0x20000044                polarity
 *fill*         0x20000045        0x3 
 COMMON         0x20000048       0x1c 01_BSP\Src\bsp_communication.o
                0x20000048                CharCount
                0x2000004c                ReceiveBufferUART
 COMMON         0x20000064       0x18 01_BSP\Src\bsp_pwm.o
                0x20000064                CompareValueHigh2
                0x20000068                CompareValueLow1
                0x2000006c                DutyCycleHalfBridge1
                0x20000070                CompareValueHigh1
                0x20000074                CompareValueLow2
                0x20000078                DutyCycleHalfBridge2
 COMMON         0x2000007c        0x4 Drivers\STM32F0xx_HAL_Driver\Src\stm32f0xx_hal.o
                0x2000007c                uwTick
 COMMON         0x20000080       0x4c Src\adc.o
                0x20000080                hadc
 COMMON         0x200000cc       0xc0 Src\tim.o
                0x200000cc                htim3
                0x2000010c                htim6
                0x2000014c                htim1
 COMMON         0x2000018c       0x70 Src\usart.o
                0x2000018c                huart1
                0x200001fc                . = ALIGN (0x4)
                0x200001fc                _ebss = .
                0x200001fc                __bss_end__ = _ebss

._user_heap_stack
                0x200001fc      0x600 load address 0x08003d5c
                0x200001fc                . = ALIGN (0x4)
                [!provide]                PROVIDE (end, .)
                [!provide]                PROVIDE (_end, .)
                0x200003fc                . = (. + _Min_Heap_Size)
 *fill*         0x200001fc      0x200 
                0x200007fc                . = (. + _Min_Stack_Size)
 *fill*         0x200003fc      0x400 
                0x200007fc                . = ALIGN (0x4)

/DISCARD/
 libc.a(*)
 libm.a(*)
 libgcc.a(*)

.ARM.attributes
                0x00000000       0x28
 *(.ARM.attributes)
 .ARM.attributes
                0x00000000       0x1e c:/program files (x86)/atollic/truestudio for stm32 9.0.0/armtools/bin/../lib/gcc/arm-atollic-eabi/6.3.1/armv6-m/crti.o
 .ARM.attributes
                0x0000001e       0x2c c:/program files (x86)/atollic/truestudio for stm32 9.0.0/armtools/bin/../lib/gcc/arm-atollic-eabi/6.3.1/armv6-m/crtbegin.o
 .ARM.attributes
                0x0000004a       0x31 00_App\Src\app_application.o
 .ARM.attributes
                0x0000007b       0x31 00_App\Src\app_current_controller.o
 .ARM.attributes
                0x000000ac       0x31 00_App\Src\app_init.o
 .ARM.attributes
                0x000000dd       0x31 01_BSP\Src\bsp_communication.o
 .ARM.attributes
                0x0000010e       0x31 01_BSP\Src\bsp_emergency_stop.o
 .ARM.attributes
                0x0000013f       0x31 01_BSP\Src\bsp_leds.o
 .ARM.attributes
                0x00000170       0x31 01_BSP\Src\bsp_pwm.o
 .ARM.attributes
                0x000001a1       0x31 Drivers\STM32F0xx_HAL_Driver\Src\stm32f0xx_hal.o
 .ARM.attributes
                0x000001d2       0x31 Drivers\STM32F0xx_HAL_Driver\Src\stm32f0xx_hal_adc.o
 .ARM.attributes
                0x00000203       0x31 Drivers\STM32F0xx_HAL_Driver\Src\stm32f0xx_hal_cortex.o
 .ARM.attributes
                0x00000234       0x31 Drivers\STM32F0xx_HAL_Driver\Src\stm32f0xx_hal_dma.o
 .ARM.attributes
                0x00000265       0x31 Drivers\STM32F0xx_HAL_Driver\Src\stm32f0xx_hal_gpio.o
 .ARM.attributes
                0x00000296       0x31 Drivers\STM32F0xx_HAL_Driver\Src\stm32f0xx_hal_rcc.o
 .ARM.attributes
                0x000002c7       0x31 Drivers\STM32F0xx_HAL_Driver\Src\stm32f0xx_hal_rcc_ex.o
 .ARM.attributes
                0x000002f8       0x31 Drivers\STM32F0xx_HAL_Driver\Src\stm32f0xx_hal_tim.o
 .ARM.attributes
                0x00000329       0x31 Drivers\STM32F0xx_HAL_Driver\Src\stm32f0xx_hal_tim_ex.o
 .ARM.attributes
                0x0000035a       0x31 Drivers\STM32F0xx_HAL_Driver\Src\stm32f0xx_hal_uart.o
 .ARM.attributes
                0x0000038b       0x31 Src\adc.o
 .ARM.attributes
                0x000003bc       0x31 Src\gpio.o
 .ARM.attributes
                0x000003ed       0x31 Src\main.o
 .ARM.attributes
                0x0000041e       0x31 Src\stm32f0xx_hal_msp.o
 .ARM.attributes
                0x0000044f       0x31 Src\stm32f0xx_it.o
 .ARM.attributes
                0x00000480       0x31 Src\system_stm32f0xx.o
 .ARM.attributes
                0x000004b1       0x31 Src\tim.o
 .ARM.attributes
                0x000004e2       0x31 Src\usart.o
 .ARM.attributes
                0x00000513       0x21 startup\startup_stm32f030x8.o
 .ARM.attributes
                0x00000534       0x2c c:/program files (x86)/atollic/truestudio for stm32 9.0.0/armtools/bin/../lib/gcc/arm-atollic-eabi/6.3.1/../../../../arm-atollic-eabi/lib/armv6-m\libc_nano.a(lib_a-init.o)
 .ARM.attributes
                0x00000560       0x2c c:/program files (x86)/atollic/truestudio for stm32 9.0.0/armtools/bin/../lib/gcc/arm-atollic-eabi/6.3.1/../../../../arm-atollic-eabi/lib/armv6-m\libc_nano.a(lib_a-memcpy-stub.o)
 .ARM.attributes
                0x0000058c       0x2c c:/program files (x86)/atollic/truestudio for stm32 9.0.0/armtools/bin/../lib/gcc/arm-atollic-eabi/6.3.1/../../../../arm-atollic-eabi/lib/armv6-m\libc_nano.a(lib_a-memset.o)
 .ARM.attributes
                0x000005b8       0x1e c:/program files (x86)/atollic/truestudio for stm32 9.0.0/armtools/bin/../lib/gcc/arm-atollic-eabi/6.3.1/armv6-m\libgcc.a(_thumb1_case_sqi.o)
 .ARM.attributes
                0x000005d6       0x1e c:/program files (x86)/atollic/truestudio for stm32 9.0.0/armtools/bin/../lib/gcc/arm-atollic-eabi/6.3.1/armv6-m\libgcc.a(_thumb1_case_uqi.o)
 .ARM.attributes
                0x000005f4       0x1e c:/program files (x86)/atollic/truestudio for stm32 9.0.0/armtools/bin/../lib/gcc/arm-atollic-eabi/6.3.1/armv6-m\libgcc.a(_udivsi3.o)
 .ARM.attributes
                0x00000612       0x1e c:/program files (x86)/atollic/truestudio for stm32 9.0.0/armtools/bin/../lib/gcc/arm-atollic-eabi/6.3.1/armv6-m\libgcc.a(_dvmd_tls.o)
 .ARM.attributes
                0x00000630       0x1e c:/program files (x86)/atollic/truestudio for stm32 9.0.0/armtools/bin/../lib/gcc/arm-atollic-eabi/6.3.1/armv6-m\libgcc.a(_arm_cmpsf2.o)
 .ARM.attributes
                0x0000064e       0x2c c:/program files (x86)/atollic/truestudio for stm32 9.0.0/armtools/bin/../lib/gcc/arm-atollic-eabi/6.3.1/armv6-m\libgcc.a(addsf3.o)
 .ARM.attributes
                0x0000067a       0x2c c:/program files (x86)/atollic/truestudio for stm32 9.0.0/armtools/bin/../lib/gcc/arm-atollic-eabi/6.3.1/armv6-m\libgcc.a(divsf3.o)
 .ARM.attributes
                0x000006a6       0x2c c:/program files (x86)/atollic/truestudio for stm32 9.0.0/armtools/bin/../lib/gcc/arm-atollic-eabi/6.3.1/armv6-m\libgcc.a(eqsf2.o)
 .ARM.attributes
                0x000006d2       0x2c c:/program files (x86)/atollic/truestudio for stm32 9.0.0/armtools/bin/../lib/gcc/arm-atollic-eabi/6.3.1/armv6-m\libgcc.a(gesf2.o)
 .ARM.attributes
                0x000006fe       0x2c c:/program files (x86)/atollic/truestudio for stm32 9.0.0/armtools/bin/../lib/gcc/arm-atollic-eabi/6.3.1/armv6-m\libgcc.a(lesf2.o)
 .ARM.attributes
                0x0000072a       0x2c c:/program files (x86)/atollic/truestudio for stm32 9.0.0/armtools/bin/../lib/gcc/arm-atollic-eabi/6.3.1/armv6-m\libgcc.a(mulsf3.o)
 .ARM.attributes
                0x00000756       0x2c c:/program files (x86)/atollic/truestudio for stm32 9.0.0/armtools/bin/../lib/gcc/arm-atollic-eabi/6.3.1/armv6-m\libgcc.a(subsf3.o)
 .ARM.attributes
                0x00000782       0x2c c:/program files (x86)/atollic/truestudio for stm32 9.0.0/armtools/bin/../lib/gcc/arm-atollic-eabi/6.3.1/armv6-m\libgcc.a(fixsfsi.o)
 .ARM.attributes
                0x000007ae       0x2c c:/program files (x86)/atollic/truestudio for stm32 9.0.0/armtools/bin/../lib/gcc/arm-atollic-eabi/6.3.1/armv6-m\libgcc.a(adddf3.o)
 .ARM.attributes
                0x000007da       0x2c c:/program files (x86)/atollic/truestudio for stm32 9.0.0/armtools/bin/../lib/gcc/arm-atollic-eabi/6.3.1/armv6-m\libgcc.a(floatsidf.o)
 .ARM.attributes
                0x00000806       0x2c c:/program files (x86)/atollic/truestudio for stm32 9.0.0/armtools/bin/../lib/gcc/arm-atollic-eabi/6.3.1/armv6-m\libgcc.a(truncdfsf2.o)
 .ARM.attributes
                0x00000832       0x1e c:/program files (x86)/atollic/truestudio for stm32 9.0.0/armtools/bin/../lib/gcc/arm-atollic-eabi/6.3.1/armv6-m\libgcc.a(_clzsi2.o)
 .ARM.attributes
                0x00000850       0x1e c:/program files (x86)/atollic/truestudio for stm32 9.0.0/armtools/bin/../lib/gcc/arm-atollic-eabi/6.3.1/armv6-m/crtn.o
OUTPUT(motor-controller.elf elf32-littlearm)

.debug_info     0x00000000    0x1c2b4
 .debug_info    0x00000000       0x7e 00_App\Src\app_application.o
 .debug_info    0x0000007e      0x99c 00_App\Src\app_current_controller.o
 .debug_info    0x00000a1a      0x9dc 00_App\Src\app_init.o
 .debug_info    0x000013f6      0xfe5 01_BSP\Src\bsp_communication.o
 .debug_info    0x000023db      0xe6c 01_BSP\Src\bsp_emergency_stop.o
 .debug_info    0x00003247     0x11dc 01_BSP\Src\bsp_leds.o
 .debug_info    0x00004423     0x114d 01_BSP\Src\bsp_pwm.o
 .debug_info    0x00005570      0xe49 Drivers\STM32F0xx_HAL_Driver\Src\stm32f0xx_hal.o
 .debug_info    0x000063b9     0x1672 Drivers\STM32F0xx_HAL_Driver\Src\stm32f0xx_hal_adc.o
 .debug_info    0x00007a2b      0xff9 Drivers\STM32F0xx_HAL_Driver\Src\stm32f0xx_hal_cortex.o
 .debug_info    0x00008a24     0x1018 Drivers\STM32F0xx_HAL_Driver\Src\stm32f0xx_hal_dma.o
 .debug_info    0x00009a3c      0xe52 Drivers\STM32F0xx_HAL_Driver\Src\stm32f0xx_hal_gpio.o
 .debug_info    0x0000a88e     0x116e Drivers\STM32F0xx_HAL_Driver\Src\stm32f0xx_hal_rcc.o
 .debug_info    0x0000b9fc      0xbed Drivers\STM32F0xx_HAL_Driver\Src\stm32f0xx_hal_rcc_ex.o
 .debug_info    0x0000c5e9     0x3bff Drivers\STM32F0xx_HAL_Driver\Src\stm32f0xx_hal_tim.o
 .debug_info    0x000101e8     0x1932 Drivers\STM32F0xx_HAL_Driver\Src\stm32f0xx_hal_tim_ex.o
 .debug_info    0x00011b1a     0x2071 Drivers\STM32F0xx_HAL_Driver\Src\stm32f0xx_hal_uart.o
 .debug_info    0x00013b8b     0x12a3 Src\adc.o
 .debug_info    0x00014e2e      0xc9f Src\gpio.o
 .debug_info    0x00015acd     0x15fc Src\main.o
 .debug_info    0x000170c9      0xa16 Src\stm32f0xx_hal_msp.o
 .debug_info    0x00017adf     0x138e Src\stm32f0xx_it.o
 .debug_info    0x00018e6d      0xa67 Src\system_stm32f0xx.o
 .debug_info    0x000198d4     0x16e4 Src\tim.o
 .debug_info    0x0001afb8     0x1289 Src\usart.o
 .debug_info    0x0001c241       0x73 startup\startup_stm32f030x8.o

.debug_abbrev   0x00000000     0x3b7a
 .debug_abbrev  0x00000000       0x58 00_App\Src\app_application.o
 .debug_abbrev  0x00000058      0x1e9 00_App\Src\app_current_controller.o
 .debug_abbrev  0x00000241      0x1b8 00_App\Src\app_init.o
 .debug_abbrev  0x000003f9      0x25e 01_BSP\Src\bsp_communication.o
 .debug_abbrev  0x00000657      0x24f 01_BSP\Src\bsp_emergency_stop.o
 .debug_abbrev  0x000008a6      0x1fd 01_BSP\Src\bsp_leds.o
 .debug_abbrev  0x00000aa3      0x255 01_BSP\Src\bsp_pwm.o
 .debug_abbrev  0x00000cf8      0x2d1 Drivers\STM32F0xx_HAL_Driver\Src\stm32f0xx_hal.o
 .debug_abbrev  0x00000fc9      0x33d Drivers\STM32F0xx_HAL_Driver\Src\stm32f0xx_hal_adc.o
 .debug_abbrev  0x00001306      0x30a Drivers\STM32F0xx_HAL_Driver\Src\stm32f0xx_hal_cortex.o
 .debug_abbrev  0x00001610      0x2a3 Drivers\STM32F0xx_HAL_Driver\Src\stm32f0xx_hal_dma.o
 .debug_abbrev  0x000018b3      0x277 Drivers\STM32F0xx_HAL_Driver\Src\stm32f0xx_hal_gpio.o
 .debug_abbrev  0x00001b2a      0x2ea Drivers\STM32F0xx_HAL_Driver\Src\stm32f0xx_hal_rcc.o
 .debug_abbrev  0x00001e14      0x268 Drivers\STM32F0xx_HAL_Driver\Src\stm32f0xx_hal_rcc_ex.o
 .debug_abbrev  0x0000207c      0x3a5 Drivers\STM32F0xx_HAL_Driver\Src\stm32f0xx_hal_tim.o
 .debug_abbrev  0x00002421      0x30d Drivers\STM32F0xx_HAL_Driver\Src\stm32f0xx_hal_tim_ex.o
 .debug_abbrev  0x0000272e      0x378 Drivers\STM32F0xx_HAL_Driver\Src\stm32f0xx_hal_uart.o
 .debug_abbrev  0x00002aa6      0x23a Src\adc.o
 .debug_abbrev  0x00002ce0      0x1f9 Src\gpio.o
 .debug_abbrev  0x00002ed9      0x258 Src\main.o
 .debug_abbrev  0x00003131      0x1a4 Src\stm32f0xx_hal_msp.o
 .debug_abbrev  0x000032d5      0x212 Src\stm32f0xx_it.o
 .debug_abbrev  0x000034e7      0x1ca Src\system_stm32f0xx.o
 .debug_abbrev  0x000036b1      0x27d Src\tim.o
 .debug_abbrev  0x0000392e      0x23a Src\usart.o
 .debug_abbrev  0x00003b68       0x12 startup\startup_stm32f030x8.o

.debug_aranges  0x00000000      0xba0
 .debug_aranges
                0x00000000       0x20 00_App\Src\app_application.o
 .debug_aranges
                0x00000020       0x28 00_App\Src\app_current_controller.o
 .debug_aranges
                0x00000048       0x20 00_App\Src\app_init.o
 .debug_aranges
                0x00000068       0x28 01_BSP\Src\bsp_communication.o
 .debug_aranges
                0x00000090       0x30 01_BSP\Src\bsp_emergency_stop.o
 .debug_aranges
                0x000000c0       0x80 01_BSP\Src\bsp_leds.o
 .debug_aranges
                0x00000140       0x40 01_BSP\Src\bsp_pwm.o
 .debug_aranges
                0x00000180       0xb0 Drivers\STM32F0xx_HAL_Driver\Src\stm32f0xx_hal.o
 .debug_aranges
                0x00000230       0xd0 Drivers\STM32F0xx_HAL_Driver\Src\stm32f0xx_hal_adc.o
 .debug_aranges
                0x00000300       0x78 Drivers\STM32F0xx_HAL_Driver\Src\stm32f0xx_hal_cortex.o
 .debug_aranges
                0x00000378       0x78 Drivers\STM32F0xx_HAL_Driver\Src\stm32f0xx_hal_dma.o
 .debug_aranges
                0x000003f0       0x58 Drivers\STM32F0xx_HAL_Driver\Src\stm32f0xx_hal_gpio.o
 .debug_aranges
                0x00000448       0x80 Drivers\STM32F0xx_HAL_Driver\Src\stm32f0xx_hal_rcc.o
 .debug_aranges
                0x000004c8       0x30 Drivers\STM32F0xx_HAL_Driver\Src\stm32f0xx_hal_rcc_ex.o
 .debug_aranges
                0x000004f8      0x268 Drivers\STM32F0xx_HAL_Driver\Src\stm32f0xx_hal_tim.o
 .debug_aranges
                0x00000760       0xf0 Drivers\STM32F0xx_HAL_Driver\Src\stm32f0xx_hal_tim_ex.o
 .debug_aranges
                0x00000850      0x188 Drivers\STM32F0xx_HAL_Driver\Src\stm32f0xx_hal_uart.o
 .debug_aranges
                0x000009d8       0x30 Src\adc.o
 .debug_aranges
                0x00000a08       0x20 Src\gpio.o
 .debug_aranges
                0x00000a28       0x30 Src\main.o
 .debug_aranges
                0x00000a58       0x20 Src\stm32f0xx_hal_msp.o
 .debug_aranges
                0x00000a78       0x50 Src\stm32f0xx_it.o
 .debug_aranges
                0x00000ac8       0x28 Src\system_stm32f0xx.o
 .debug_aranges
                0x00000af0       0x58 Src\tim.o
 .debug_aranges
                0x00000b48       0x30 Src\usart.o
 .debug_aranges
                0x00000b78       0x28 startup\startup_stm32f030x8.o

.debug_ranges   0x00000000     0x1068
 .debug_ranges  0x00000000       0x10 00_App\Src\app_application.o
 .debug_ranges  0x00000010       0x18 00_App\Src\app_current_controller.o
 .debug_ranges  0x00000028       0x10 00_App\Src\app_init.o
 .debug_ranges  0x00000038       0x38 01_BSP\Src\bsp_communication.o
 .debug_ranges  0x00000070       0x20 01_BSP\Src\bsp_emergency_stop.o
 .debug_ranges  0x00000090       0x70 01_BSP\Src\bsp_leds.o
 .debug_ranges  0x00000100       0x30 01_BSP\Src\bsp_pwm.o
 .debug_ranges  0x00000130       0xa0 Drivers\STM32F0xx_HAL_Driver\Src\stm32f0xx_hal.o
 .debug_ranges  0x000001d0       0xc0 Drivers\STM32F0xx_HAL_Driver\Src\stm32f0xx_hal_adc.o
 .debug_ranges  0x00000290      0x120 Drivers\STM32F0xx_HAL_Driver\Src\stm32f0xx_hal_cortex.o
 .debug_ranges  0x000003b0       0xe8 Drivers\STM32F0xx_HAL_Driver\Src\stm32f0xx_hal_dma.o
 .debug_ranges  0x00000498       0x70 Drivers\STM32F0xx_HAL_Driver\Src\stm32f0xx_hal_gpio.o
 .debug_ranges  0x00000508       0xa0 Drivers\STM32F0xx_HAL_Driver\Src\stm32f0xx_hal_rcc.o
 .debug_ranges  0x000005a8       0x40 Drivers\STM32F0xx_HAL_Driver\Src\stm32f0xx_hal_rcc_ex.o
 .debug_ranges  0x000005e8      0x470 Drivers\STM32F0xx_HAL_Driver\Src\stm32f0xx_hal_tim.o
 .debug_ranges  0x00000a58       0xe0 Drivers\STM32F0xx_HAL_Driver\Src\stm32f0xx_hal_tim_ex.o
 .debug_ranges  0x00000b38      0x1f0 Drivers\STM32F0xx_HAL_Driver\Src\stm32f0xx_hal_uart.o
 .debug_ranges  0x00000d28       0x70 Src\adc.o
 .debug_ranges  0x00000d98       0xc0 Src\gpio.o
 .debug_ranges  0x00000e58       0x20 Src\main.o
 .debug_ranges  0x00000e78       0x58 Src\stm32f0xx_hal_msp.o
 .debug_ranges  0x00000ed0       0x40 Src\stm32f0xx_it.o
 .debug_ranges  0x00000f10       0x18 Src\system_stm32f0xx.o
 .debug_ranges  0x00000f28       0xb8 Src\tim.o
 .debug_ranges  0x00000fe0       0x68 Src\usart.o
 .debug_ranges  0x00001048       0x20 startup\startup_stm32f030x8.o

.debug_line     0x00000000     0x78ae
 .debug_line    0x00000000       0x98 00_App\Src\app_application.o
 .debug_line    0x00000098      0x266 00_App\Src\app_current_controller.o
 .debug_line    0x000002fe      0x289 00_App\Src\app_init.o
 .debug_line    0x00000587      0x364 01_BSP\Src\bsp_communication.o
 .debug_line    0x000008eb      0x305 01_BSP\Src\bsp_emergency_stop.o
 .debug_line    0x00000bf0      0x3b1 01_BSP\Src\bsp_leds.o
 .debug_line    0x00000fa1      0x364 01_BSP\Src\bsp_pwm.o
 .debug_line    0x00001305      0x440 Drivers\STM32F0xx_HAL_Driver\Src\stm32f0xx_hal.o
 .debug_line    0x00001745      0x859 Drivers\STM32F0xx_HAL_Driver\Src\stm32f0xx_hal_adc.o
 .debug_line    0x00001f9e      0x413 Drivers\STM32F0xx_HAL_Driver\Src\stm32f0xx_hal_cortex.o
 .debug_line    0x000023b1      0x570 Drivers\STM32F0xx_HAL_Driver\Src\stm32f0xx_hal_dma.o
 .debug_line    0x00002921      0x421 Drivers\STM32F0xx_HAL_Driver\Src\stm32f0xx_hal_gpio.o
 .debug_line    0x00002d42      0x61d Drivers\STM32F0xx_HAL_Driver\Src\stm32f0xx_hal_rcc.o
 .debug_line    0x0000335f      0x3b4 Drivers\STM32F0xx_HAL_Driver\Src\stm32f0xx_hal_rcc_ex.o
 .debug_line    0x00003713     0x1358 Drivers\STM32F0xx_HAL_Driver\Src\stm32f0xx_hal_tim.o
 .debug_line    0x00004a6b      0x798 Drivers\STM32F0xx_HAL_Driver\Src\stm32f0xx_hal_tim_ex.o
 .debug_line    0x00005203      0xdc0 Drivers\STM32F0xx_HAL_Driver\Src\stm32f0xx_hal_uart.o
 .debug_line    0x00005fc3      0x35e Src\adc.o
 .debug_line    0x00006321      0x296 Src\gpio.o
 .debug_line    0x000065b7      0x3a0 Src\main.o
 .debug_line    0x00006957      0x224 Src\stm32f0xx_hal_msp.o
 .debug_line    0x00006b7b      0x32c Src\stm32f0xx_it.o
 .debug_line    0x00006ea7      0x25d Src\system_stm32f0xx.o
 .debug_line    0x00007104      0x40f Src\tim.o
 .debug_line    0x00007513      0x318 Src\usart.o
 .debug_line    0x0000782b       0x83 startup\startup_stm32f030x8.o

.debug_str      0x00000000     0x3d3d
 .debug_str     0x00000000      0x144 00_App\Src\app_application.o
 .debug_str     0x00000144      0x4fc 00_App\Src\app_current_controller.o
                                0x677 (size before relaxing)
 .debug_str     0x00000640       0x61 00_App\Src\app_init.o
                                0x694 (size before relaxing)
 .debug_str     0x000006a1      0x501 01_BSP\Src\bsp_communication.o
                                0xb93 (size before relaxing)
 .debug_str     0x00000ba2      0x245 01_BSP\Src\bsp_emergency_stop.o
                                0xa84 (size before relaxing)
 .debug_str     0x00000de7      0x1b2 01_BSP\Src\bsp_leds.o
                                0xb94 (size before relaxing)
 .debug_str     0x00000f99      0x11e 01_BSP\Src\bsp_pwm.o
                                0xb94 (size before relaxing)
 .debug_str     0x000010b7      0x44f Drivers\STM32F0xx_HAL_Driver\Src\stm32f0xx_hal.o
                                0xa38 (size before relaxing)
 .debug_str     0x00001506      0x4b6 Drivers\STM32F0xx_HAL_Driver\Src\stm32f0xx_hal_adc.o
                                0xd0b (size before relaxing)
 .debug_str     0x000019bc      0x1c6 Drivers\STM32F0xx_HAL_Driver\Src\stm32f0xx_hal_cortex.o
                                0xa40 (size before relaxing)
 .debug_str     0x00001b82      0x233 Drivers\STM32F0xx_HAL_Driver\Src\stm32f0xx_hal_dma.o
                                0xa74 (size before relaxing)
 .debug_str     0x00001db5      0x156 Drivers\STM32F0xx_HAL_Driver\Src\stm32f0xx_hal_gpio.o
                                0x865 (size before relaxing)
 .debug_str     0x00001f0b      0x2e7 Drivers\STM32F0xx_HAL_Driver\Src\stm32f0xx_hal_rcc.o
                                0xa45 (size before relaxing)
 .debug_str     0x000021f2      0x127 Drivers\STM32F0xx_HAL_Driver\Src\stm32f0xx_hal_rcc_ex.o
                                0x805 (size before relaxing)
 .debug_str     0x00002319      0xd04 Drivers\STM32F0xx_HAL_Driver\Src\stm32f0xx_hal_tim.o
                               0x17e0 (size before relaxing)
 .debug_str     0x0000301d      0x50d Drivers\STM32F0xx_HAL_Driver\Src\stm32f0xx_hal_tim_ex.o
                               0x1052 (size before relaxing)
 .debug_str     0x0000352a      0x5be Drivers\STM32F0xx_HAL_Driver\Src\stm32f0xx_hal_uart.o
                               0x11b3 (size before relaxing)
 .debug_str     0x00003ae8       0x48 Src\adc.o
                                0xcad (size before relaxing)
 .debug_str     0x00003b30       0x1b Src\gpio.o
                                0x717 (size before relaxing)
 .debug_str     0x00003b4b       0x61 Src\main.o
                               0x1023 (size before relaxing)
 .debug_str     0x00003bac       0x1b Src\stm32f0xx_hal_msp.o
                                0x65f (size before relaxing)
 .debug_str     0x00003bc7       0xb0 Src\stm32f0xx_it.o
                                0xe7c (size before relaxing)
 .debug_str     0x00003c77       0x5a Src\system_stm32f0xx.o
                                0x68b (size before relaxing)
 .debug_str     0x00003cd1       0x52 Src\tim.o
                                0xf04 (size before relaxing)
 .debug_str     0x00003d23       0x1a Src\usart.o
                                0xd89 (size before relaxing)

.comment        0x00000000       0x7c
 .comment       0x00000000       0x7c 00_App\Src\app_application.o
                                 0x7d (size before relaxing)
 .comment       0x0000007c       0x7d 00_App\Src\app_current_controller.o
 .comment       0x0000007c       0x7d 00_App\Src\app_init.o
 .comment       0x0000007c       0x7d 01_BSP\Src\bsp_communication.o
 .comment       0x0000007c       0x7d 01_BSP\Src\bsp_emergency_stop.o
 .comment       0x0000007c       0x7d 01_BSP\Src\bsp_leds.o
 .comment       0x0000007c       0x7d 01_BSP\Src\bsp_pwm.o
 .comment       0x0000007c       0x7d Drivers\STM32F0xx_HAL_Driver\Src\stm32f0xx_hal.o
 .comment       0x0000007c       0x7d Drivers\STM32F0xx_HAL_Driver\Src\stm32f0xx_hal_adc.o
 .comment       0x0000007c       0x7d Drivers\STM32F0xx_HAL_Driver\Src\stm32f0xx_hal_cortex.o
 .comment       0x0000007c       0x7d Drivers\STM32F0xx_HAL_Driver\Src\stm32f0xx_hal_dma.o
 .comment       0x0000007c       0x7d Drivers\STM32F0xx_HAL_Driver\Src\stm32f0xx_hal_gpio.o
 .comment       0x0000007c       0x7d Drivers\STM32F0xx_HAL_Driver\Src\stm32f0xx_hal_rcc.o
 .comment       0x0000007c       0x7d Drivers\STM32F0xx_HAL_Driver\Src\stm32f0xx_hal_rcc_ex.o
 .comment       0x0000007c       0x7d Drivers\STM32F0xx_HAL_Driver\Src\stm32f0xx_hal_tim.o
 .comment       0x0000007c       0x7d Drivers\STM32F0xx_HAL_Driver\Src\stm32f0xx_hal_tim_ex.o
 .comment       0x0000007c       0x7d Drivers\STM32F0xx_HAL_Driver\Src\stm32f0xx_hal_uart.o
 .comment       0x0000007c       0x7d Src\adc.o
 .comment       0x0000007c       0x7d Src\gpio.o
 .comment       0x0000007c       0x7d Src\main.o
 .comment       0x0000007c       0x7d Src\stm32f0xx_hal_msp.o
 .comment       0x0000007c       0x7d Src\stm32f0xx_it.o
 .comment       0x0000007c       0x7d Src\system_stm32f0xx.o
 .comment       0x0000007c       0x7d Src\tim.o
 .comment       0x0000007c       0x7d Src\usart.o

.debug_frame    0x00000000     0x23e0
 .debug_frame   0x00000000       0x20 00_App\Src\app_application.o
 .debug_frame   0x00000020       0x38 00_App\Src\app_current_controller.o
 .debug_frame   0x00000058       0x28 00_App\Src\app_init.o
 .debug_frame   0x00000080       0x4c 01_BSP\Src\bsp_communication.o
 .debug_frame   0x000000cc       0x54 01_BSP\Src\bsp_emergency_stop.o
 .debug_frame   0x00000120      0x150 01_BSP\Src\bsp_leds.o
 .debug_frame   0x00000270       0xa4 01_BSP\Src\bsp_pwm.o
 .debug_frame   0x00000314      0x178 Drivers\STM32F0xx_HAL_Driver\Src\stm32f0xx_hal.o
 .debug_frame   0x0000048c      0x2d0 Drivers\STM32F0xx_HAL_Driver\Src\stm32f0xx_hal_adc.o
 .debug_frame   0x0000075c       0xe4 Drivers\STM32F0xx_HAL_Driver\Src\stm32f0xx_hal_cortex.o
 .debug_frame   0x00000840      0x154 Drivers\STM32F0xx_HAL_Driver\Src\stm32f0xx_hal_dma.o
 .debug_frame   0x00000994       0xc0 Drivers\STM32F0xx_HAL_Driver\Src\stm32f0xx_hal_gpio.o
 .debug_frame   0x00000a54      0x130 Drivers\STM32F0xx_HAL_Driver\Src\stm32f0xx_hal_rcc.o
 .debug_frame   0x00000b84       0x58 Drivers\STM32F0xx_HAL_Driver\Src\stm32f0xx_hal_rcc_ex.o
 .debug_frame   0x00000bdc      0x94c Drivers\STM32F0xx_HAL_Driver\Src\stm32f0xx_hal_tim.o
 .debug_frame   0x00001528      0x388 Drivers\STM32F0xx_HAL_Driver\Src\stm32f0xx_hal_tim_ex.o
 .debug_frame   0x000018b0      0x528 Drivers\STM32F0xx_HAL_Driver\Src\stm32f0xx_hal_uart.o
 .debug_frame   0x00001dd8       0x60 Src\adc.o
 .debug_frame   0x00001e38       0x30 Src\gpio.o
 .debug_frame   0x00001e68       0x54 Src\main.o
 .debug_frame   0x00001ebc       0x24 Src\stm32f0xx_hal_msp.o
 .debug_frame   0x00001ee0       0xc8 Src\stm32f0xx_it.o
 .debug_frame   0x00001fa8       0x3c Src\system_stm32f0xx.o
 .debug_frame   0x00001fe4       0xe4 Src\tim.o
 .debug_frame   0x000020c8       0x5c Src\usart.o
 .debug_frame   0x00002124       0x2c c:/program files (x86)/atollic/truestudio for stm32 9.0.0/armtools/bin/../lib/gcc/arm-atollic-eabi/6.3.1/../../../../arm-atollic-eabi/lib/armv6-m\libc_nano.a(lib_a-init.o)
 .debug_frame   0x00002150       0x28 c:/program files (x86)/atollic/truestudio for stm32 9.0.0/armtools/bin/../lib/gcc/arm-atollic-eabi/6.3.1/../../../../arm-atollic-eabi/lib/armv6-m\libc_nano.a(lib_a-memcpy-stub.o)
 .debug_frame   0x00002178       0x20 c:/program files (x86)/atollic/truestudio for stm32 9.0.0/armtools/bin/../lib/gcc/arm-atollic-eabi/6.3.1/../../../../arm-atollic-eabi/lib/armv6-m\libc_nano.a(lib_a-memset.o)
 .debug_frame   0x00002198       0x20 c:/program files (x86)/atollic/truestudio for stm32 9.0.0/armtools/bin/../lib/gcc/arm-atollic-eabi/6.3.1/armv6-m\libgcc.a(_udivsi3.o)
 .debug_frame   0x000021b8       0x34 c:/program files (x86)/atollic/truestudio for stm32 9.0.0/armtools/bin/../lib/gcc/arm-atollic-eabi/6.3.1/armv6-m\libgcc.a(addsf3.o)
 .debug_frame   0x000021ec       0x3c c:/program files (x86)/atollic/truestudio for stm32 9.0.0/armtools/bin/../lib/gcc/arm-atollic-eabi/6.3.1/armv6-m\libgcc.a(divsf3.o)
 .debug_frame   0x00002228       0x2c c:/program files (x86)/atollic/truestudio for stm32 9.0.0/armtools/bin/../lib/gcc/arm-atollic-eabi/6.3.1/armv6-m\libgcc.a(eqsf2.o)
 .debug_frame   0x00002254       0x30 c:/program files (x86)/atollic/truestudio for stm32 9.0.0/armtools/bin/../lib/gcc/arm-atollic-eabi/6.3.1/armv6-m\libgcc.a(gesf2.o)
 .debug_frame   0x00002284       0x30 c:/program files (x86)/atollic/truestudio for stm32 9.0.0/armtools/bin/../lib/gcc/arm-atollic-eabi/6.3.1/armv6-m\libgcc.a(lesf2.o)
 .debug_frame   0x000022b4       0x3c c:/program files (x86)/atollic/truestudio for stm32 9.0.0/armtools/bin/../lib/gcc/arm-atollic-eabi/6.3.1/armv6-m\libgcc.a(mulsf3.o)
 .debug_frame   0x000022f0       0x38 c:/program files (x86)/atollic/truestudio for stm32 9.0.0/armtools/bin/../lib/gcc/arm-atollic-eabi/6.3.1/armv6-m\libgcc.a(subsf3.o)
 .debug_frame   0x00002328       0x20 c:/program files (x86)/atollic/truestudio for stm32 9.0.0/armtools/bin/../lib/gcc/arm-atollic-eabi/6.3.1/armv6-m\libgcc.a(fixsfsi.o)
 .debug_frame   0x00002348       0x3c c:/program files (x86)/atollic/truestudio for stm32 9.0.0/armtools/bin/../lib/gcc/arm-atollic-eabi/6.3.1/armv6-m\libgcc.a(adddf3.o)
 .debug_frame   0x00002384       0x2c c:/program files (x86)/atollic/truestudio for stm32 9.0.0/armtools/bin/../lib/gcc/arm-atollic-eabi/6.3.1/armv6-m\libgcc.a(floatsidf.o)
 .debug_frame   0x000023b0       0x30 c:/program files (x86)/atollic/truestudio for stm32 9.0.0/armtools/bin/../lib/gcc/arm-atollic-eabi/6.3.1/armv6-m\libgcc.a(truncdfsf2.o)

.debug_loc      0x00000000     0x81e8
 .debug_loc     0x00000000       0x21 00_App\Src\app_current_controller.o
 .debug_loc     0x00000021       0xc6 01_BSP\Src\bsp_communication.o
 .debug_loc     0x000000e7       0x21 01_BSP\Src\bsp_emergency_stop.o
 .debug_loc     0x00000108       0x58 01_BSP\Src\bsp_leds.o
 .debug_loc     0x00000160      0x236 01_BSP\Src\bsp_pwm.o
 .debug_loc     0x00000396       0x7c Drivers\STM32F0xx_HAL_Driver\Src\stm32f0xx_hal.o
 .debug_loc     0x00000412      0xaad Drivers\STM32F0xx_HAL_Driver\Src\stm32f0xx_hal_adc.o
 .debug_loc     0x00000ebf      0x3cc Drivers\STM32F0xx_HAL_Driver\Src\stm32f0xx_hal_cortex.o
 .debug_loc     0x0000128b      0x7ca Drivers\STM32F0xx_HAL_Driver\Src\stm32f0xx_hal_dma.o
 .debug_loc     0x00001a55      0x307 Drivers\STM32F0xx_HAL_Driver\Src\stm32f0xx_hal_gpio.o
 .debug_loc     0x00001d5c      0x493 Drivers\STM32F0xx_HAL_Driver\Src\stm32f0xx_hal_rcc.o
 .debug_loc     0x000021ef      0x26f Drivers\STM32F0xx_HAL_Driver\Src\stm32f0xx_hal_rcc_ex.o
 .debug_loc     0x0000245e     0x3b44 Drivers\STM32F0xx_HAL_Driver\Src\stm32f0xx_hal_tim.o
 .debug_loc     0x00005fa2      0xb81 Drivers\STM32F0xx_HAL_Driver\Src\stm32f0xx_hal_tim_ex.o
 .debug_loc     0x00006b23     0x1425 Drivers\STM32F0xx_HAL_Driver\Src\stm32f0xx_hal_uart.o
 .debug_loc     0x00007f48       0x4d Src\adc.o
 .debug_loc     0x00007f95      0x127 Src\system_stm32f0xx.o
 .debug_loc     0x000080bc       0xdf Src\tim.o
 .debug_loc     0x0000819b       0x4d Src\usart.o
