bsp_leds.c:28:6:BSP_SetLEDBurstOFF5V	8	static
bsp_leds.c:33:6:BSP_SetLEDBurtsOFF6V	8	static
bsp_leds.c:38:6:BSP_SetLEDHeartbeat	8	static
bsp_leds.c:45:6:BSP_SetLEDHeartbeatBlinking	8	static
bsp_leds.c:52:6:BSP_SetLEDHeartbeatBlinkingDutyCyle	16	static
bsp_leds.c:63:6:BSP_SetLEDOrange	8	static
bsp_leds.c:70:6:BSP_SetLEDOrangeBlinking	8	static
bsp_leds.c:77:6:BSP_SetLEDFault	8	static
bsp_leds.c:94:6:BSP_ResetLEDHeartbeat	8	static
bsp_leds.c:101:6:BSP_ResetLEDOrange	8	static
bsp_leds.c:108:6:BSP_ResetLEDFault	8	static
bsp_leds.c:113:6:BSP_LEDStart	8	static
