bsp_leds.c:27:6:BSP_SetLEDBurstOFF5V	8	static
bsp_leds.c:32:6:BSP_SetLEDBurtsOFF6V	8	static
bsp_leds.c:37:6:BSP_SetLEDHeartbeat	8	static
bsp_leds.c:44:6:BSP_SetLEDHeartbeatBlinking	8	static
bsp_leds.c:51:6:BSP_SetLEDHeartbeatBlinkingDutyCyle	16	static
bsp_leds.c:62:6:BSP_SetLEDOrange	8	static
bsp_leds.c:69:6:BSP_SetLEDOrangeBlinking	8	static
bsp_leds.c:76:6:BSP_SetLEDOrangeBlinkingDutyCyle	16	static
bsp_leds.c:87:6:BSP_SetLEDFault	8	static
bsp_leds.c:104:6:BSP_ResetLEDHeartbeat	8	static
bsp_leds.c:111:6:BSP_ResetLEDOrange	8	static
bsp_leds.c:118:6:BSP_ResetLEDFault	8	static
bsp_leds.c:123:6:BSP_LEDStart	8	static
